Component: ARM Compiler 5.06 update 7 (build 960) Tool: armlink [4d3601]

==============================================================================

Section Cross References

    startup_stm32f103xb.o(STACK) refers (Special) to heapauxi.o(.text) for __use_two_region_memory
    startup_stm32f103xb.o(HEAP) refers (Special) to heapauxi.o(.text) for __use_two_region_memory
    startup_stm32f103xb.o(RESET) refers (Special) to heapauxi.o(.text) for __use_two_region_memory
    startup_stm32f103xb.o(RESET) refers to startup_stm32f103xb.o(STACK) for __initial_sp
    startup_stm32f103xb.o(RESET) refers to startup_stm32f103xb.o(.text) for Reset_Handler
    startup_stm32f103xb.o(RESET) refers to stm32f1xx_it.o(i.NMI_Handler) for NMI_Handler
    startup_stm32f103xb.o(RESET) refers to stm32f1xx_it.o(i.HardFault_Handler) for HardFault_Handler
    startup_stm32f103xb.o(RESET) refers to stm32f1xx_it.o(i.MemManage_Handler) for MemManage_Handler
    startup_stm32f103xb.o(RESET) refers to stm32f1xx_it.o(i.BusFault_Handler) for BusFault_Handler
    startup_stm32f103xb.o(RESET) refers to stm32f1xx_it.o(i.UsageFault_Handler) for UsageFault_Handler
    startup_stm32f103xb.o(RESET) refers to stm32f1xx_it.o(i.SVC_Handler) for SVC_Handler
    startup_stm32f103xb.o(RESET) refers to stm32f1xx_it.o(i.DebugMon_Handler) for DebugMon_Handler
    startup_stm32f103xb.o(RESET) refers to stm32f1xx_it.o(i.PendSV_Handler) for PendSV_Handler
    startup_stm32f103xb.o(RESET) refers to stm32f1xx_it.o(i.SysTick_Handler) for SysTick_Handler
    startup_stm32f103xb.o(.text) refers (Special) to heapauxi.o(.text) for __use_two_region_memory
    startup_stm32f103xb.o(.text) refers to system_stm32f1xx.o(i.SystemInit) for SystemInit
    startup_stm32f103xb.o(.text) refers to __main.o(!!!main) for __main
    startup_stm32f103xb.o(.text) refers to startup_stm32f103xb.o(HEAP) for Heap_Mem
    startup_stm32f103xb.o(.text) refers to startup_stm32f103xb.o(STACK) for Stack_Mem
    main.o(i.SystemClock_Config) refers to rt_memclr_w.o(.text) for __aeabi_memclr4
    main.o(i.SystemClock_Config) refers to stm32f1xx_hal_rcc.o(i.HAL_RCC_OscConfig) for HAL_RCC_OscConfig
    main.o(i.SystemClock_Config) refers to stm32f1xx_hal_rcc.o(i.HAL_RCC_ClockConfig) for HAL_RCC_ClockConfig
    main.o(i.main) refers to stm32f1xx_hal.o(i.HAL_Init) for HAL_Init
    main.o(i.main) refers to main.o(i.SystemClock_Config) for SystemClock_Config
    main.o(i.main) refers to gpio.o(i.MX_GPIO_Init) for MX_GPIO_Init
    main.o(i.main) refers to i2c.o(i.MX_I2C1_Init) for MX_I2C1_Init
    main.o(i.main) refers to tim.o(i.MX_TIM2_Init) for MX_TIM2_Init
    main.o(i.main) refers to usart.o(i.MX_USART1_UART_Init) for MX_USART1_UART_Init
    main.o(i.main) refers to app.o(i.App_Init) for App_Init
    main.o(i.main) refers to app.o(i.App_Run) for App_Run
    gpio.o(i.MX_GPIO_Init) refers to stm32f1xx_hal_gpio.o(i.HAL_GPIO_WritePin) for HAL_GPIO_WritePin
    gpio.o(i.MX_GPIO_Init) refers to stm32f1xx_hal_gpio.o(i.HAL_GPIO_Init) for HAL_GPIO_Init
    i2c.o(i.HAL_I2C_MspDeInit) refers to stm32f1xx_hal_gpio.o(i.HAL_GPIO_DeInit) for HAL_GPIO_DeInit
    i2c.o(i.HAL_I2C_MspInit) refers to stm32f1xx_hal_gpio.o(i.HAL_GPIO_Init) for HAL_GPIO_Init
    i2c.o(i.MX_I2C1_Init) refers to stm32f1xx_hal_i2c.o(i.HAL_I2C_Init) for HAL_I2C_Init
    i2c.o(i.MX_I2C1_Init) refers to main.o(i.Error_Handler) for Error_Handler
    i2c.o(i.MX_I2C1_Init) refers to i2c.o(.bss) for .bss
    tim.o(i.MX_TIM2_Init) refers to stm32f1xx_hal_tim.o(i.HAL_TIM_Base_Init) for HAL_TIM_Base_Init
    tim.o(i.MX_TIM2_Init) refers to main.o(i.Error_Handler) for Error_Handler
    tim.o(i.MX_TIM2_Init) refers to stm32f1xx_hal_tim.o(i.HAL_TIM_ConfigClockSource) for HAL_TIM_ConfigClockSource
    tim.o(i.MX_TIM2_Init) refers to stm32f1xx_hal_tim_ex.o(i.HAL_TIMEx_MasterConfigSynchronization) for HAL_TIMEx_MasterConfigSynchronization
    tim.o(i.MX_TIM2_Init) refers to tim.o(.bss) for .bss
    usart.o(i.HAL_UART_MspDeInit) refers to stm32f1xx_hal_gpio.o(i.HAL_GPIO_DeInit) for HAL_GPIO_DeInit
    usart.o(i.HAL_UART_MspInit) refers to stm32f1xx_hal_gpio.o(i.HAL_GPIO_Init) for HAL_GPIO_Init
    usart.o(i.MX_USART1_UART_Init) refers to stm32f1xx_hal_uart.o(i.HAL_UART_Init) for HAL_UART_Init
    usart.o(i.MX_USART1_UART_Init) refers to main.o(i.Error_Handler) for Error_Handler
    usart.o(i.MX_USART1_UART_Init) refers to usart.o(.bss) for .bss
    stm32f1xx_it.o(i.SysTick_Handler) refers to stm32f1xx_hal.o(i.HAL_IncTick) for HAL_IncTick
    app.o(i.App_FormatTenth) refers to _printf_pad.o(.text) for _printf_pre_padding
    app.o(i.App_FormatTenth) refers to _printf_percent.o(.ARM.Collect$$_printf_percent$$00000000) for _printf_percent
    app.o(i.App_FormatTenth) refers to _printf_u.o(.ARM.Collect$$_printf_percent$$0000000A) for _printf_u
    app.o(i.App_FormatTenth) refers to _printf_dec.o(.text) for _printf_int_dec
    app.o(i.App_FormatTenth) refers to fmul.o(x$fpl$fmul) for __aeabi_fmul
[...]
    ../clib/libinit.s                        0x00000000   Number         0  libinit2.o ABSOLUTE
    ../clib/longlong.s                       0x00000000   Number         0  llushr.o ABSOLUTE
    ../clib/memcpset.s                       0x00000000   Number         0  rt_memclr_w.o ABSOLUTE
    ../clib/memcpset.s                       0x00000000   Number         0  rt_memclr.o ABSOLUTE
    ../clib/memcpset.s                       0x00000000   Number         0  rt_memcpy_w.o ABSOLUTE
    ../clib/memcpset.s                       0x00000000   Number         0  rt_memcpy_v6.o ABSOLUTE
    ../clib/misc.s                           0x00000000   Number         0  printf_stubs.o ABSOLUTE
    ../clib/printf.c                         0x00000000   Number         0  noretval__2snprintf.o ABSOLUTE
    ../clib/printf.c                         0x00000000   Number         0  _printf_str.o ABSOLUTE
    ../clib/printf.c                         0x00000000   Number         0  __2snprintf.o ABSOLUTE
    ../clib/printf.c                         0x00000000   Number         0  __printf_nopercent.o ABSOLUTE
    ../clib/printf.c                         0x00000000   Number         0  __printf_flags_ss_wp.o ABSOLUTE
    ../clib/printf.c                         0x00000000   Number         0  __printf_flags_wp.o ABSOLUTE
    ../clib/printf.c                         0x00000000   Number         0  __printf_wp.o ABSOLUTE
    ../clib/printf.c                         0x00000000   Number         0  _printf_intcommon.o ABSOLUTE
    ../clib/printf.c                         0x00000000   Number         0  _printf_char_common.o ABSOLUTE
    ../clib/printf.c                         0x00000000   Number         0  _printf_char.o ABSOLUTE
    ../clib/printf.c                         0x00000000   Number         0  _printf_dec.o ABSOLUTE
    ../clib/printf.c                         0x00000000   Number         0  _snputc.o ABSOLUTE
    ../clib/printf.c                         0x00000000   Number         0  __printf_ss_wp.o ABSOLUTE
    ../clib/printf.c                         0x00000000   Number         0  _sputc.o ABSOLUTE
    ../clib/printf.c                         0x00000000   Number         0  __printf_flags.o ABSOLUTE
    ../clib/printf.c                         0x00000000   Number         0  __printf.o ABSOLUTE
    ../clib/printf.c                         0x00000000   Number         0  __printf_ss.o ABSOLUTE
    ../clib/printf.c                         0x00000000   Number         0  __printf_flags_ss.o ABSOLUTE
    ../clib/printf.c                         0x00000000   Number         0  _printf_pad.o ABSOLUTE
    ../clib/printf_percent.s                 0x00000000   Number         0  _printf_percent_end.o ABSOLUTE
    ../clib/printf_percent.s                 0x00000000   Number         0  _printf_percent.o ABSOLUTE
    ../clib/printf_percent.s                 0x00000000   Number         0  _printf_s.o ABSOLUTE
    ../clib/printf_percent.s                 0x00000000   Number         0  _printf_u.o ABSOLUTE
    ../clib/signal.c                         0x00000000   Number         0  defsig_rtmem_outer.o ABSOLUTE
    ../clib/signal.c                         0x00000000   Number         0  defsig_exit.o ABSOLUTE
    ../clib/signal.c                         0x00000000   Number         0  defsig_rtmem_inner.o ABSOLUTE
    ../clib/signal.c                         0x00000000   Number         0  defsig_general.o ABSOLUTE
    ../clib/signal.c                         0x00000000   Number         0  defsig_rtmem_formal.o ABSOLUTE
    ../clib/signal.c                         0x00000000   Number         0  defsig_abrt_inner.o ABSOLUTE
    ../clib/signal.c                         0x00000000   Number         0  defsig_fpe_inner.o ABSOLUTE
    ../clib/signal.c                         0x00000000   Number         0  defsig_rtred_inner.o ABSOLUTE
    ../clib/signal.c                         0x00000000   Number         0  defsig_stak_inner.o ABSOLUTE
    ../clib/signal.c                         0x00000000   Number         0  defsig_pvfn_inner.o ABSOLUTE
    ../clib/signal.c                         0x00000000   Number         0  defsig_cppl_inner.o ABSOLUTE
    ../clib/signal.c                         0x00000000   Number         0  defsig_segv_inner.o ABSOLUTE
    ../clib/signal.c                         0x00000000   Number         0  defsig_other.o ABSOLUTE
    ../clib/signal.c                         0x00000000   Number         0  __raise.o ABSOLUTE
    ../clib/signal.s                         0x00000000   Number         0  defsig.o ABSOLUTE
    ../clib/stdlib.c                         0x00000000   Number         0  exit.o ABSOLUTE
    ../fplib/faddsub.s                       0x00000000   Number         0  faddsub_clz.o ABSOLUTE
    ../fplib/fdiv.s                          0x00000000   Number         0  fdiv.o ABSOLUTE
    ../fplib/ffix.s                          0x00000000   Number         0  ffix.o ABSOLUTE
    ../fplib/fflt.s                          0x00000000   Number         0  fflt_clz.o ABSOLUTE
    ../fplib/fmul.s                          0x00000000   Number         0  fmul.o ABSOLUTE
    ../fplib/fnaninf.s                       0x00000000   Number         0  fnaninf.o ABSOLUTE
    ../fplib/fpinit.s                        0x00000000   Number         0  fpinit.o ABSOLUTE
    ../fplib/fretinf.s                       0x00000000   Number         0  fretinf.o ABSOLUTE
    ../fplib/usenofp.s                       0x00000000   Number         0  usenofp.o ABSOLUTE
    ..\App\app.c                             0x00000000   Number         0  app.o ABSOLUTE
    ..\Core\Src\gpio.c                       0x00000000   Number         0  gpio.o ABSOLUTE
    ..\Core\Src\i2c.c                        0x00000000   Number         0  i2c.o ABSOLUTE
    ..\Core\Src\main.c                       0x00000000   Number         0  main.o ABSOLUTE
    ..\Core\Src\stm32f1xx_hal_msp.c          0x00000000   Number         0  stm32f1xx_hal_msp.o ABSOLUTE
    ..\Core\Src\stm32f1xx_it.c               0x00000000   Number         0  stm32f1xx_it.o ABSOLUTE
    ..\Core\Src\system_stm32f1xx.c           0x00000000   Number         0  system_stm32f1xx.o ABSOLUTE
    ..\Core\Src\tim.c                        0x00000000   Number         0  tim.o ABSOLUTE
    ..\Core\Src\usart.c                      0x00000000   Number         0  usart.o ABSOLUTE
    ..\Drivers\Button\button.c               0x00000000   Number         0  button.o ABSOLUTE
    ..\Drivers\DHT\dht.c                     0x00000000   Number         0  dht.o ABSOLUTE
    ..\Drivers\LED\led.c                     0x00000000   Number         0  led.o ABSOLUTE
    ..\Drivers\OLED\oled.c                   0x00000000   Number         0  oled.o ABSOLUTE
    ..\Drivers\STM32F1xx_HAL_Driver\Src\stm32f1xx_hal.c 0x00000000   Number         0  stm32f1xx_hal.o ABSOLUTE
    ..\Drivers\STM32F1xx_HAL_Driver\Src\stm32f1xx_hal_cortex.c 0x00000000   Number         0  stm32f1xx_hal_cortex.o ABSOLUTE
    ..\Drivers\STM32F1xx_HAL_Driver\Src\stm32f1xx_hal_dma.c 0x00000000   Number         0  stm32f1xx_hal_dma.o ABSOLUTE
    ..\Drivers\STM32F1xx_HAL_Driver\Src\stm32f1xx_hal_exti.c 0x00000000   Number         0  stm32f1xx_hal_exti.o ABSOLUTE
    ..\Drivers\STM32F1xx_HAL_Driver\Src\stm32f1xx_hal_flash.c 0x00000000   Number         0  stm32f1xx_hal_flash.o ABSOLUTE
    ..\Drivers\STM32F1xx_HAL_Driver\Src\stm32f1xx_hal_flash_ex.c 0x00000000   Number         0  stm32f1xx_hal_flash_ex.o ABSOLUTE
    ..\Drivers\STM32F1xx_HAL_Driver\Src\stm32f1xx_hal_gpio.c 0x00000000   Number         0  stm32f1xx_hal_gpio.o ABSOLUTE
    ..\Drivers\STM32F1xx_HAL_Driver\Src\stm32f1xx_hal_gpio_ex.c 0x00000000   Number         0  stm32f1xx_hal_gpio_ex.o ABSOLUTE
    ..\Drivers\STM32F1xx_HAL_Driver\Src\stm32f1xx_hal_i2c.c 0x00000000   Number         0  stm32f1xx_hal_i2c.o ABSOLUTE
    ..\Drivers\STM32F1xx_HAL_Driver\Src\stm32f1xx_hal_pwr.c 0x00000000   Number         0  stm32f1xx_hal_pwr.o ABSOLUTE
    ..\Drivers\STM32F1xx_HAL_Driver\Src\stm32f1xx_hal_rcc.c 0x00000000   Number         0  stm32f1xx_hal_rcc.o ABSOLUTE
    ..\Drivers\STM32F1xx_HAL_Driver\Src\stm32f1xx_hal_rcc_ex.c 0x00000000   Number         0  stm32f1xx_hal_rcc_ex.o ABSOLUTE
    ..\Drivers\STM32F1xx_HAL_Driver\Src\stm32f1xx_hal_tim.c 0x00000000   Number         0  stm32f1xx_hal_tim.o ABSOLUTE
    ..\Drivers\STM32F1xx_HAL_Driver\Src\stm32f1xx_hal_tim_ex.c 0x00000000   Number         0  stm32f1xx_hal_tim_ex.o ABSOLUTE
    ..\Drivers\STM32F1xx_HAL_Driver\Src\stm32f1xx_hal_uart.c 0x00000000   Number         0  stm32f1xx_hal_uart.o ABSOLUTE
    ..\Utils\uart_json.c                     0x00000000   Number         0  uart_json.o ABSOLUTE
    dc.s                                     0x00000000   Number         0  dc.o ABSOLUTE
    startup_stm32f103xb.s                    0x00000000   Number         0  startup_stm32f103xb.o ABSOLUTE
    RESET                                    0x08000000   Section      236  startup_stm32f103xb.o(RESET)
    !!!main                                  0x080000ec   Section        8  __main.o(!!!main)
    !!!scatter                               0x080000f4   Section       52  __scatter.o(!!!scatter)
    !!handler_copy                           0x08000128   Section       26  __scatter_copy.o(!!handler_copy)
    !!handler_zi                             0x08000144   Section       28  __scatter_zi.o(!!handler_zi)
    .ARM.Collect$$_printf_percent$$00000000  0x08000160   Section        0  _printf_percent.o(.ARM.Collect$$_printf_percent$$00000000)
    .ARM.Collect$$_printf_percent$$0000000A  0x08000160   Section        6  _printf_u.o(.ARM.Collect$$_printf_percent$$0000000A)
    .ARM.Collect$$_printf_percent$$00000014  0x08000166   Section        6  _printf_s.o(.ARM.Collect$$_printf_percent$$00000014)
    .ARM.Collect$$_printf_percent$$00000017  0x0800016c   Section        4  _printf_percent_end.o(.ARM.Collect$$_printf_percent$$00000017)
    .ARM.Collect$$libinit$$00000000          0x08000170   Section        2  libinit.o(.ARM.Collect$$libinit$$00000000)
    .ARM.Collect$$libinit$$00000002          0x08000172   Section        0  libinit2.o(.ARM.Collect$$libinit$$00000002)
    .ARM.Collect$$libinit$$00000004          0x08000172   Section        0  libinit2.o(.ARM.Collect$$libinit$$00000004)
    .ARM.Collect$$libinit$$0000000A          0x08000172   Section        0  libinit2.o(.ARM.Collect$$libinit$$0000000A)
    .ARM.Collect$$libinit$$0000000C          0x08000172   Section        0  libinit2.o(.ARM.Collect$$libinit$$0000000C)
    .ARM.Collect$$libinit$$0000000E          0x08000172   Section        0  libinit2.o(.ARM.Collect$$libinit$$0000000E)
    .ARM.Collect$$libinit$$00000011          0x08000172   Section        0  libinit2.o(.ARM.Collect$$libinit$$00000011)
    .ARM.Collect$$libinit$$00000013          0x08000172   Section        0  libinit2.o(.ARM.Collect$$libinit$$00000013)
    .ARM.Collect$$libinit$$00000015          0x08000172   Section        0  libinit2.o(.ARM.Collect$$libinit$$00000015)
    .ARM.Collect$$libinit$$00000017          0x08000172   Section        0  libinit2.o(.ARM.Collect$$libinit$$00000017)
    .ARM.Collect$$libinit$$00000019          0x08000172   Section        0  libinit2.o(.ARM.Collect$$libinit$$00000019)
    .ARM.Collect$$libinit$$0000001B          0x08000172   Section        0  libinit2.o(.ARM.Collect$$libinit$$0000001B)
    .ARM.Collect$$libinit$$0000001D          0x08000172   Section        0  libinit2.o(.ARM.Collect$$libinit$$0000001D)
    .ARM.Collect$$libinit$$0000001F          0x08000172   Section        0  libinit2.o(.ARM.Collect$$libinit$$0000001F)
    .ARM.Collect$$libinit$$00000021          0x08000172   Section        0  libinit2.o(.ARM.Collect$$libinit$$00000021)
    .ARM.Collect$$libinit$$00000023          0x08000172   Section        0  libinit2.o(.ARM.Collect$$libinit$$00000023)
    .ARM.Collect$$libinit$$00000025          0x08000172   Section        0  libinit2.o(.ARM.Collect$$libinit$$00000025)
    .ARM.Collect$$libinit$$0000002C          0x08000172   Section        0  libinit2.o(.ARM.Collect$$libinit$$0000002C)
    .ARM.Collect$$libinit$$0000002E          0x08000172   Section        0  libinit2.o(.ARM.Collect$$libinit$$0000002E)
    .ARM.Collect$$libinit$$00000030          0x08000172   Section        0  libinit2.o(.ARM.Collect$$libinit$$00000030)
    .ARM.Collect$$libinit$$00000032          0x08000172   Section        0  libinit2.o(.ARM.Collect$$libinit$$00000032)
    .ARM.Collect$$libinit$$00000033          0x08000172   Section        2  libinit2.o(.ARM.Collect$$libinit$$00000033)
    .ARM.Collect$$libshutdown$$00000000      0x08000174   Section        2  libshutdown.o(.ARM.Collect$$libshutdown$$00000000)
    .ARM.Collect$$libshutdown$$00000002      0x08000176   Section        0  libshutdown2.o(.ARM.Collect$$libshutdown$$00000002)
    .ARM.Collect$$libshutdown$$00000004      0x08000176   Section        0  libshutdown2.o(.ARM.Collect$$libshutdown$$00000004)
    .ARM.Collect$$libshutdown$$00000006      0x08000176   Section        0  libshutdown2.o(.ARM.Collect$$libshutdown$$00000006)
    .ARM.Collect$$libshutdown$$00000009      0x08000176   Section        0  libshutdown2.o(.ARM.Collect$$libshutdown$$00000009)
    .ARM.Collect$$libshutdown$$0000000C      0x08000176   Section        0  libshutdown2.o(.ARM.Collect$$libshutdown$$0000000C)
    .ARM.Collect$$libshutdown$$0000000E      0x08000176   Section        0  libshutdown2.o(.ARM.Collect$$libshutdown$$0000000E)
    .ARM.Collect$$libshutdown$$00000011      0x08000176   Section        0  libshutdown2.o(.ARM.Collect$$libshutdown$$00000011)
    .ARM.Collect$$libshutdown$$00000012      0x08000176   Section        2  libshutdown2.o(.ARM.Collect$$libshutdown$$00000012)
    .ARM.Collect$$rtentry$$00000000          0x08000178   Section        0  __rtentry.o(.ARM.Collect$$rtentry$$00000000)
    .ARM.Collect$$rtentry$$00000002          0x08000178   Section        0  __rtentry2.o(.ARM.Collect$$rtentry$$00000002)
    .ARM.Collect$$rtentry$$00000004          0x08000178   Section        6  __rtentry4.o(.ARM.Collect$$rtentry$$00000004)
    .ARM.Collect$$rtentry$$00000009          0x0800017e   Section        0  __rtentry2.o(.ARM.Collect$$rtentry$$00000009)
    .ARM.Collect$$rtentry$$0000000A          0x0800017e   Section        4  __rtentry2.o(.ARM.Collect$$rtentry$$0000000A)
    .ARM.Collect$$rtentry$$0000000C          0x08000182   Section        0  __rtentry2.o(.ARM.Collect$$rtentry$$0000000C)
    .ARM.Collect$$rtentry$$0000000D          0x08000182   Section        8  __rtentry2.o(.ARM.Collect$$rtentry$$0000000D)
    .ARM.Collect$$rtexit$$00000000           0x0800018a   Section        2  rtexit.o(.ARM.Collect$$rtexit$$00000000)
    .ARM.Collect$$rtexit$$00000002           0x0800018c   Section        0  rtexit2.o(.ARM.Collect$$rtexit$$00000002)
    .ARM.Collect$$rtexit$$00000003           0x0800018c   Section        4  rtexit2.o(.ARM.Collect$$rtexit$$00000003)
    .ARM.Collect$$rtexit$$00000004           0x08000190   Section        6  rtexit2.o(.ARM.Collect$$rtexit$$00000004)
    .text                                    0x08000198   Section       64  startup_stm32f103xb.o(.text)
    .text                                    0x080001d8   Section        0  __2snprintf.o(.text)
    .text                                    0x08000210   Section        0  _printf_pad.o(.text)
    .text                                    0x0800025e   Section        0  _printf_str.o(.text)
    .text                                    0x080002b0   Section        0  _printf_dec.o(.text)
    .text                                    0x08000328   Section        0  __printf_flags_ss_wp.o(.text)
    .text                                    0x080004b0   Section      138  rt_memcpy_v6.o(.text)
    .text                                    0x0800053a   Section       68  rt_memclr.o(.text)
    .text                                    0x0800057e   Section       78  rt_memclr_w.o(.text)
    .text                                    0x080005cc   Section        0  heapauxi.o(.text)
    .text                                    0x080005d2   Section        0  _printf_intcommon.o(.text)
    .text                                    0x08000684   Section        0  _printf_char_common.o(.text)
    _printf_input_char                       0x08000685   Thumb Code    10  _printf_char_common.o(.text)
    .text                                    0x080006b4   Section        0  _sputc.o(.text)
    .text                                    0x080006be   Section        0  _snputc.o(.text)
    .text                                    0x080006ce   Section        0  _printf_char.o(.text)
    .text                                    0x080006fa   Section      100  rt_memcpy_w.o(.text)
    .text                                    0x0800075e   Section       74  sys_stackheap_outer.o(.text)
    .text                                    0x080007a8   Section        0  exit.o(.text)
    .text                                    0x080007bc   Section        8  libspace.o(.text)
    .text                                    0x080007c4   Section        0  sys_exit.o(.text)
    .text                                    0x080007d0   Section        2  use_no_semi.o(.text)
    .text                                    0x080007d2   Section        0  indicate_semi.o(.text)
    i.App_FormatTenth                        0x080007d4   Section        0  app.o(i.App_FormatTenth)
    App_FormatTenth                          0x080007d5   Thumb Code   102  app.o(i.App_FormatTenth)
    i.App_Init                               0x08000858   Section        0  app.o(i.App_Init)
    i.App_IsDue                              0x08000910   Section        0  app.o(i.App_IsDue)
    App_IsDue                                0x08000911   Thumb Code    18  app.o(i.App_IsDue)
    i.App_RenderPage0                        0x08000924   Section        0  app.o(i.App_RenderPage0)
    App_RenderPage0                          0x08000925   Thumb Code   166  app.o(i.App_RenderPage0)
    i.App_RenderPage1                        0x08000a30   Section        0  app.o(i.App_RenderPage1)
    App_RenderPage1                          0x08000a31   Thumb Code    84  app.o(i.App_RenderPage1)
    i.App_Run                                0x08000ad0   Section        0  app.o(i.App_Run)
    i.BusFault_Handler                       0x08000bd4   Section        0  stm32f1xx_it.o(i.BusFault_Handler)
    i.Button_GetShortPressEvent              0x08000bd8   Section        0  button.o(i.Button_GetShortPressEvent)
    i.Button_Init                            0x08000be8   Section        0  button.o(i.Button_Init)
    i.Button_ReadPressed                     0x08000c08   Section        0  button.o(i.Button_ReadPressed)
    Button_ReadPressed                       0x08000c09   Thumb Code    20  button.o(i.Button_ReadPressed)
    i.Button_Update                          0x08000c20   Section        0  button.o(i.Button_Update)
    i.DHT_Init                               0x08000c60   Section        0  dht.o(i.DHT_Init)
    i.DHT_Read                               0x08000c78   Section        0  dht.o(i.DHT_Read)
    i.DHT_SetPinOutput                       0x08000dd0   Section        0  dht.o(i.DHT_SetPinOutput)
    DHT_SetPinOutput                         0x08000dd1   Thumb Code    30  dht.o(i.DHT_SetPinOutput)
    i.DHT_WaitForPin                         0x08000df4   Section        0  dht.o(i.DHT_WaitForPin)
    DHT_WaitForPin                           0x08000df5   Thumb Code    60  dht.o(i.DHT_WaitForPin)
    i.DebugMon_Handler                       0x08000e38   Section        0  stm32f1xx_it.o(i.DebugMon_Handler)
    i.Error_Handler                          0x08000e3a   Section        0  main.o(i.Error_Handler)
    i.HAL_Delay                              0x08000e40   Section        0  stm32f1xx_hal.o(i.HAL_Delay)
    i.HAL_GPIO_Init                          0x08000e64   Section        0  stm32f1xx_hal_gpio.o(i.HAL_GPIO_Init)
    i.HAL_GPIO_ReadPin                       0x08001044   Section        0  stm32f1xx_hal_gpio.o(i.HAL_GPIO_ReadPin)
    i.HAL_GPIO_TogglePin                     0x0800104e   Section        0  stm32f1xx_hal_gpio.o(i.HAL_GPIO_TogglePin)
    i.HAL_GPIO_WritePin                      0x0800105e   Section        0  stm32f1xx_hal_gpio.o(i.HAL_GPIO_WritePin)
    i.HAL_GetTick                            0x08001068   Section        0  stm32f1xx_hal.o(i.HAL_GetTick)
    i.HAL_I2C_Init                           0x08001074   Section        0  stm32f1xx_hal_i2c.o(i.HAL_I2C_Init)
    i.HAL_I2C_Master_Transmit                0x080011fc   Section        0  stm32f1xx_hal_i2c.o(i.HAL_I2C_Master_Transmit)
    i.HAL_I2C_MspInit                        0x08001328   Section        0  i2c.o(i.HAL_I2C_MspInit)
    i.HAL_IncTick                            0x08001384   Section        0  stm32f1xx_hal.o(i.HAL_IncTick)
    i.HAL_Init                               0x08001394   Section        0  stm32f1xx_hal.o(i.HAL_Init)
    i.HAL_InitTick                           0x080013b8   Section        0  stm32f1xx_hal.o(i.HAL_InitTick)
    i.HAL_MspInit                            0x080013f8   Section        0  stm32f1xx_hal_msp.o(i.HAL_MspInit)
    i.HAL_NVIC_SetPriority                   0x08001434   Section        0  stm32f1xx_hal_cortex.o(i.HAL_NVIC_SetPriority)
    i.HAL_NVIC_SetPriorityGrouping           0x08001474   Section        0  stm32f1xx_hal_cortex.o(i.HAL_NVIC_SetPriorityGrouping)
    i.HAL_RCC_ClockConfig                    0x08001498   Section        0  stm32f1xx_hal_rcc.o(i.HAL_RCC_ClockConfig)
    i.HAL_RCC_GetPCLK1Freq                   0x080015c4   Section        0  stm32f1xx_hal_rcc.o(i.HAL_RCC_GetPCLK1Freq)
    i.HAL_RCC_GetPCLK2Freq                   0x080015e4   Section        0  stm32f1xx_hal_rcc.o(i.HAL_RCC_GetPCLK2Freq)
    i.HAL_RCC_GetSysClockFreq                0x08001604   Section        0  stm32f1xx_hal_rcc.o(i.HAL_RCC_GetSysClockFreq)
    i.HAL_RCC_OscConfig                      0x08001650   Section        0  stm32f1xx_hal_rcc.o(i.HAL_RCC_OscConfig)
    i.HAL_SYSTICK_Config                     0x08001970   Section        0  stm32f1xx_hal_cortex.o(i.HAL_SYSTICK_Config)
    i.HAL_TIMEx_MasterConfigSynchronization  0x08001998   Section        0  stm32f1xx_hal_tim_ex.o(i.HAL_TIMEx_MasterConfigSynchronization)
    i.HAL_TIM_Base_Init                      0x08001a00   Section        0  stm32f1xx_hal_tim.o(i.HAL_TIM_Base_Init)
    i.HAL_TIM_Base_MspInit                   0x08001a5c   Section        0  tim.o(i.HAL_TIM_Base_MspInit)
    i.HAL_TIM_Base_Start                     0x08001a80   Section        0  stm32f1xx_hal_tim.o(i.HAL_TIM_Base_Start)
    i.HAL_TIM_ConfigClockSource              0x08001ad0   Section        0  stm32f1xx_hal_tim.o(i.HAL_TIM_ConfigClockSource)
    i.HAL_UART_Init                          0x08001bac   Section        0  stm32f1xx_hal_uart.o(i.HAL_UART_Init)
    i.HAL_UART_MspInit                       0x08001c10   Section        0  usart.o(i.HAL_UART_MspInit)
    i.HAL_UART_Transmit                      0x08001c80   Section        0  stm32f1xx_hal_uart.o(i.HAL_UART_Transmit)
    i.HardFault_Handler                      0x08001d20   Section        0  stm32f1xx_it.o(i.HardFault_Handler)
    i.I2C_IsAcknowledgeFailed                0x08001d22   Section        0  stm32f1xx_hal_i2c.o(i.I2C_IsAcknowledgeFailed)
    I2C_IsAcknowledgeFailed                  0x08001d23   Thumb Code    46  stm32f1xx_hal_i2c.o(i.I2C_IsAcknowledgeFailed)
    i.I2C_MasterRequestWrite                 0x08001d50   Section        0  stm32f1xx_hal_i2c.o(i.I2C_MasterRequestWrite)
    I2C_MasterRequestWrite                   0x08001d51   Thumb Code   150  stm32f1xx_hal_i2c.o(i.I2C_MasterRequestWrite)
    i.I2C_WaitOnBTFFlagUntilTimeout          0x08001dec   Section        0  stm32f1xx_hal_i2c.o(i.I2C_WaitOnBTFFlagUntilTimeout)
    I2C_WaitOnBTFFlagUntilTimeout            0x08001ded   Thumb Code    86  stm32f1xx_hal_i2c.o(i.I2C_WaitOnBTFFlagUntilTimeout)
    i.I2C_WaitOnFlagUntilTimeout             0x08001e44   Section        0  stm32f1xx_hal_i2c.o(i.I2C_WaitOnFlagUntilTimeout)
    I2C_WaitOnFlagUntilTimeout               0x08001e45   Thumb Code   144  stm32f1xx_hal_i2c.o(i.I2C_WaitOnFlagUntilTimeout)
    i.I2C_WaitOnMasterAddressFlagUntilTimeout 0x08001ed4   Section        0  stm32f1xx_hal_i2c.o(i.I2C_WaitOnMasterAddressFlagUntilTimeout)
    I2C_WaitOnMasterAddressFlagUntilTimeout  0x08001ed5   Thumb Code   188  stm32f1xx_hal_i2c.o(i.I2C_WaitOnMasterAddressFlagUntilTimeout)
    i.I2C_WaitOnTXEFlagUntilTimeout          0x08001f90   Section        0  stm32f1xx_hal_i2c.o(i.I2C_WaitOnTXEFlagUntilTimeout)
    I2C_WaitOnTXEFlagUntilTimeout            0x08001f91   Thumb Code    86  stm32f1xx_hal_i2c.o(i.I2C_WaitOnTXEFlagUntilTimeout)
    i.LED_Init                               0x08001fe6   Section        0  led.o(i.LED_Init)
    i.LED_Off                                0x08001fec   Section        0  led.o(i.LED_Off)
    i.LED_On                                 0x08001ffc   Section        0  led.o(i.LED_On)
    i.LED_Toggle                             0x0800200c   Section        0  led.o(i.LED_Toggle)
    i.MX_GPIO_Init                           0x0800201c   Section        0  gpio.o(i.MX_GPIO_Init)
    i.MX_I2C1_Init                           0x080020d8   Section        0  i2c.o(i.MX_I2C1_Init)
    i.MX_TIM2_Init                           0x08002118   Section        0  tim.o(i.MX_TIM2_Init)
    i.MX_USART1_UART_Init                    0x0800217c   Section        0  usart.o(i.MX_USART1_UART_Init)
    i.MemManage_Handler                      0x080021b4   Section        0  stm32f1xx_it.o(i.MemManage_Handler)
    i.MovingAvg_Get                          0x080021b6   Section        0  filter.o(i.MovingAvg_Get)
    i.MovingAvg_Init                         0x080021d4   Section        0  filter.o(i.MovingAvg_Init)
    i.MovingAvg_Update                       0x080021f2   Section        0  filter.o(i.MovingAvg_Update)
    i.NMI_Handler                            0x08002252   Section        0  stm32f1xx_it.o(i.NMI_Handler)
    i.OLED_Clear                             0x08002254   Section        0  oled.o(i.OLED_Clear)
    i.OLED_Font_GetColumn                    0x08002264   Section        0  oled_font.o(i.OLED_Font_GetColumn)
    i.OLED_Init                              0x080022a4   Section        0  oled.o(i.OLED_Init)
    i.OLED_ShowString                        0x080022e0   Section        0  oled.o(i.OLED_ShowString)
    i.OLED_Update                            0x08002344   Section        0  oled.o(i.OLED_Update)
    i.OLED_WriteCommand                      0x080023ec   Section        0  oled.o(i.OLED_WriteCommand)
    OLED_WriteCommand                        0x080023ed   Thumb Code    30  oled.o(i.OLED_WriteCommand)
    i.PendSV_Handler                         0x08002410   Section        0  stm32f1xx_it.o(i.PendSV_Handler)
    i.SVC_Handler                            0x08002412   Section        0  stm32f1xx_it.o(i.SVC_Handler)
    i.SysTick_Handler                        0x08002414   Section        0  stm32f1xx_it.o(i.SysTick_Handler)
    i.SystemClock_Config                     0x08002418   Section        0  main.o(i.SystemClock_Config)
    i.SystemInit                             0x08002476   Section        0  system_stm32f1xx.o(i.SystemInit)
    i.TIM_Base_SetConfig                     0x08002478   Section        0  stm32f1xx_hal_tim.o(i.TIM_Base_SetConfig)
    i.TIM_ETR_SetConfig                      0x080024f0   Section        0  stm32f1xx_hal_tim.o(i.TIM_ETR_SetConfig)
    i.TIM_ITRx_SetConfig                     0x08002504   Section        0  stm32f1xx_hal_tim.o(i.TIM_ITRx_SetConfig)
    TIM_ITRx_SetConfig                       0x08002505   Thumb Code    16  stm32f1xx_hal_tim.o(i.TIM_ITRx_SetConfig)
    i.TIM_TI1_ConfigInputStage               0x08002514   Section        0  stm32f1xx_hal_tim.o(i.TIM_TI1_ConfigInputStage)
    TIM_TI1_ConfigInputStage                 0x08002515   Thumb Code    34  stm32f1xx_hal_tim.o(i.TIM_TI1_ConfigInputStage)
    i.TIM_TI2_ConfigInputStage               0x08002536   Section        0  stm32f1xx_hal_tim.o(i.TIM_TI2_ConfigInputStage)
    TIM_TI2_ConfigInputStage                 0x08002537   Thumb Code    36  stm32f1xx_hal_tim.o(i.TIM_TI2_ConfigInputStage)
    i.UART_EndRxTransfer                     0x0800255a   Section        0  stm32f1xx_hal_uart.o(i.UART_EndRxTransfer)
    UART_EndRxTransfer                       0x0800255b   Thumb Code    78  stm32f1xx_hal_uart.o(i.UART_EndRxTransfer)
    i.UART_FormatTenth                       0x080025a8   Section        0  uart_json.o(i.UART_FormatTenth)
    UART_FormatTenth                         0x080025a9   Thumb Code   102  uart_json.o(i.UART_FormatTenth)
    i.UART_SendEnvJson                       0x0800262c   Section        0  uart_json.o(i.UART_SendEnvJson)
    i.UART_SetConfig                         0x080026b4   Section        0  stm32f1xx_hal_uart.o(i.UART_SetConfig)
    UART_SetConfig                           0x080026b5   Thumb Code   178  stm32f1xx_hal_uart.o(i.UART_SetConfig)
    i.UART_WaitOnFlagUntilTimeout            0x0800276c   Section        0  stm32f1xx_hal_uart.o(i.UART_WaitOnFlagUntilTimeout)
    UART_WaitOnFlagUntilTimeout              0x0800276d   Thumb Code   114  stm32f1xx_hal_uart.o(i.UART_WaitOnFlagUntilTimeout)
    i.UsageFault_Handler                     0x080027de   Section        0  stm32f1xx_it.o(i.UsageFault_Handler)
    i.__NVIC_SetPriority                     0x080027e0   Section        0  stm32f1xx_hal_cortex.o(i.__NVIC_SetPriority)
    __NVIC_SetPriority                       0x080027e1   Thumb Code    32  stm32f1xx_hal_cortex.o(i.__NVIC_SetPriority)
    i._is_digit                              0x08002800   Section        0  __printf_wp.o(i._is_digit)
    i.main                                   0x0800280e   Section        0  main.o(i.main)
    x$fpl$fadd                               0x08002830   Section      196  faddsub_clz.o(x$fpl$fadd)
    _fadd1                                   0x0800283f   Thumb Code     0  faddsub_clz.o(x$fpl$fadd)
    x$fpl$fdiv                               0x080028f4   Section      388  fdiv.o(x$fpl$fdiv)
    _fdiv1                                   0x080028f5   Thumb Code     0  fdiv.o(x$fpl$fdiv)
    x$fpl$ffix                               0x08002a78   Section       54  ffix.o(x$fpl$ffix)
    x$fpl$ffltu                              0x08002ab0   Section       38  fflt_clz.o(x$fpl$ffltu)
    x$fpl$fmul                               0x08002ad8   Section      258  fmul.o(x$fpl$fmul)
    x$fpl$fnaninf                            0x08002bda   Section      140  fnaninf.o(x$fpl$fnaninf)
    x$fpl$fretinf                            0x08002c66   Section       10  fretinf.o(x$fpl$fretinf)
    x$fpl$fsub                               0x08002c70   Section      234  faddsub_clz.o(x$fpl$fsub)
    _fsub1                                   0x08002c7f   Thumb Code     0  faddsub_clz.o(x$fpl$fsub)
    .constdata                               0x08002d5a   Section       28  oled.o(.constdata)
    x$fpl$usenofp                            0x08002d5a   Section        0  usenofp.o(x$fpl$usenofp)
    init_commands                            0x08002d5a   Data          28  oled.o(.constdata)
    .constdata                               0x08002d76   Section      276  oled_font.o(.constdata)
    oled_font                                0x08002d76   Data         276  oled_font.o(.constdata)
    .constdata                               0x08002e8a   Section       18  stm32f1xx_hal_rcc.o(.constdata)
    aPredivFactorTable                       0x08002e8a   Data           2  stm32f1xx_hal_rcc.o(.constdata)
    aPLLMULFactorTable                       0x08002e8c   Data          16  stm32f1xx_hal_rcc.o(.constdata)
    .constdata                               0x08002e9c   Section       16  system_stm32f1xx.o(.constdata)
    .constdata                               0x08002eac   Section        8  system_stm32f1xx.o(.constdata)
    .constdata                               0x08002eb4   Section       17  __printf_flags_ss_wp.o(.constdata)
    maptable                                 0x08002eb4   Data          17  __printf_flags_ss_wp.o(.constdata)
    .data                                    0x20000000   Section       40  app.o(.data)
    current_page                             0x20000000   Data           1  app.o(.data)
    alarm_flag                               0x20000001   Data           1  app.o(.data)
    dht_ok_flag                              0x20000002   Data           1  app.o(.data)
    oled_dirty                               0x20000003   Data           1  app.o(.data)
    temperature                              0x20000004   Data           4  app.o(.data)
    humidity                                 0x20000008   Data           4  app.o(.data)
    run_time_s                               0x2000000c   Data           4  app.o(.data)
    dht_error_count                          0x20000010   Data           4  app.o(.data)
    last_key_ms                              0x20000014   Data           4  app.o(.data)
    last_oled_ms                             0x20000018   Data           4  app.o(.data)
    last_dht_ms                              0x2000001c   Data           4  app.o(.data)
    last_uart_ms                             0x20000020   Data           4  app.o(.data)
    last_led_ms                              0x20000024   Data           4  app.o(.data)
    .data                                    0x20000028   Section        1  oled.o(.data)
    oled_ready                               0x20000028   Data           1  oled.o(.data)
    .data                                    0x2000002c   Section        8  button.o(.data)
    button_last_raw_pressed                  0x2000002c   Data           1  button.o(.data)
    button_stable_pressed                    0x2000002d   Data           1  button.o(.data)
    button_press_latched                     0x2000002e   Data           1  button.o(.data)
    button_short_press_event                 0x2000002f   Data           1  button.o(.data)
    button_last_change_ms                    0x20000030   Data           4  button.o(.data)
    .data                                    0x20000034   Section       12  stm32f1xx_hal.o(.data)
    .data                                    0x20000040   Section        4  system_stm32f1xx.o(.data)
    .bss                                     0x20000044   Section       84  i2c.o(.bss)
    .bss                                     0x20000098   Section       72  tim.o(.bss)
    .bss                                     0x200000e0   Section       72  usart.o(.bss)
    .bss                                     0x20000128   Section       56  app.o(.bss)
    temp_filter                              0x20000128   Data          28  app.o(.bss)
    hum_filter                               0x20000144   Data          28  app.o(.bss)
    .bss                                     0x20000160   Section     1024  oled.o(.bss)
    oled_buffer                              0x20000160   Data        1024  oled.o(.bss)
    .bss                                     0x20000560   Section       96  libspace.o(.bss)
    HEAP                                     0x200005c0   Section      512  startup_stm32f103xb.o(HEAP)
    Heap_Mem                                 0x200005c0   Data         512  startup_stm32f103xb.o(HEAP)
    STACK                                    0x200007c0   Section     1024  startup_stm32f103xb.o(STACK)
    Stack_Mem                                0x200007c0   Data        1024  startup_stm32f103xb.o(STACK)
    __initial_sp                             0x20000bc0   Data           0  startup_stm32f103xb.o(STACK)

    Global Symbols

    Symbol Name                              Value     Ov Type        Size  Object(Section)

    BuildAttributes$$THM_ISAv4$P$D$K$B$S$PE$A:L22UL41UL21$X:L11$S22US41US21$IEEE1$IW$USESV6$~STKCKD$USESV7$~SHL$OSPACE$ROPI$EBA8$UX$STANDARDLIB$REQ8$PRES8$EABIv2 0x00000000   Number         0  anon$$obj.o ABSOLUTE
    __ARM_use_no_argv                        0x00000000   Number         0  main.o ABSOLUTE
    _printf_flags                            0x00000000   Number         0  printf_stubs.o ABSOLUTE
    _printf_return_value                     0x00000000   Number         0  printf_stubs.o ABSOLUTE
    _printf_sizespec                         0x00000000   Number         0  printf_stubs.o ABSOLUTE
    _printf_widthprec                        0x00000000   Number         0  printf_stubs.o ABSOLUTE
    __ARM_exceptions_init                     - Undefined Weak Reference
    __alloca_initialize                       - Undefined Weak Reference
    __arm_fini_                               - Undefined Weak Reference
    __arm_preinit_                            - Undefined Weak Reference
    __cpp_initialize__aeabi_                  - Undefined Weak Reference
    __cxa_finalize                            - Undefined Weak Reference
    __rt_locale                               - Undefined Weak Reference
    __sigvec_lookup                           - Undefined Weak Reference
    _atexit_init                              - Undefined Weak Reference
    _call_atexit_fns                          - Undefined Weak Reference
    _clock_init                               - Undefined Weak Reference
    _fp_trap_init                             - Undefined Weak Reference
    _fp_trap_shutdown                         - Undefined Weak Reference
    _get_lc_collate                           - Undefined Weak Reference
    _get_lc_ctype                             - Undefined Weak Reference
    _get_lc_monetary                          - Undefined Weak Reference
    _get_lc_numeric                           - Undefined Weak Reference
    _get_lc_time                              - Undefined Weak Reference
    _getenv_init                              - Undefined Weak Reference
    _handle_redirection                       - Undefined Weak Reference
    _init_alloc                               - Undefined Weak Reference
    _init_user_alloc                          - Undefined Weak Reference
    _initio                                   - Undefined Weak Reference
    _printf_mbtowc                            - Undefined Weak Reference
    _printf_truncate_signed                   - Undefined Weak Reference
    _printf_truncate_unsigned                 - Undefined Weak Reference
    _rand_init                                - Undefined Weak Reference
    _signal_finish                            - Undefined Weak Reference
    _signal_init                              - Undefined Weak Reference
    _terminate_alloc                          - Undefined Weak Reference
    _terminate_user_alloc                     - Undefined Weak Reference
    _terminateio                              - Undefined Weak Reference
    __Vectors_Size                           0x000000ec   Number         0  startup_stm32f103xb.o ABSOLUTE
    __Vectors                                0x08000000   Data           4  startup_stm32f103xb.o(RESET)
    __Vectors_End                            0x080000ec   Data           0  startup_stm32f103xb.o(RESET)
    __main                                   0x080000ed   Thumb Code     8  __main.o(!!!main)
    __scatterload                            0x080000f5   Thumb Code     0  __scatter.o(!!!scatter)
    __scatterload_rt2                        0x080000f5   Thumb Code    44  __scatter.o(!!!scatter)
    __scatterload_rt2_thumb_only             0x080000f5   Thumb Code     0  __scatter.o(!!!scatter)
    __scatterload_null                       0x08000103   Thumb Code     0  __scatter.o(!!!scatter)
    __scatterload_copy                       0x08000129   Thumb Code    26  __scatter_copy.o(!!handler_copy)
    __scatterload_zeroinit                   0x08000145   Thumb Code    28  __scatter_zi.o(!!handler_zi)
    _printf_percent                          0x08000161   Thumb Code     0  _printf_percent.o(.ARM.Collect$$_printf_percent$$00000000)
    _printf_u                                0x08000161   Thumb Code     0  _printf_u.o(.ARM.Collect$$_printf_percent$$0000000A)
    _printf_s                                0x08000167   Thumb Code     0  _printf_s.o(.ARM.Collect$$_printf_percent$$00000014)
    _printf_percent_end                      0x0800016d   Thumb Code     0  _printf_percent_end.o(.ARM.Collect$$_printf_percent$$00000017)
    __rt_lib_init                            0x08000171   Thumb Code     0  libinit.o(.ARM.Collect$$libinit$$00000000)
    __rt_lib_init_alloca_1                   0x08000173   Thumb Code     0  libinit2.o(.ARM.Collect$$libinit$$0000002E)
    __rt_lib_init_argv_1                     0x08000173   Thumb Code     0  libinit2.o(.ARM.Collect$$libinit$$0000002C)
    __rt_lib_init_atexit_1                   0x08000173   Thumb Code     0  libinit2.o(.ARM.Collect$$libinit$$0000001B)
    __rt_lib_init_clock_1                    0x08000173   Thumb Code     0  libinit2.o(.ARM.Collect$$libinit$$00000021)
    __rt_lib_init_cpp_1                      0x08000173   Thumb Code     0  libinit2.o(.ARM.Collect$$libinit$$00000032)
    __rt_lib_init_exceptions_1               0x08000173   Thumb Code     0  libinit2.o(.ARM.Collect$$libinit$$00000030)
    __rt_lib_init_fp_1                       0x08000173   Thumb Code     0  libinit2.o(.ARM.Collect$$libinit$$00000002)
    __rt_lib_init_fp_trap_1                  0x08000173   Thumb Code     0  libinit2.o(.ARM.Collect$$libinit$$0000001F)
    __rt_lib_init_getenv_1                   0x08000173   Thumb Code     0  libinit2.o(.ARM.Collect$$libinit$$00000023)
    __rt_lib_init_heap_1                     0x08000173   Thumb Code     0  libinit2.o(.ARM.Collect$$libinit$$0000000A)
    __rt_lib_init_lc_collate_1               0x08000173   Thumb Code     0  libinit2.o(.ARM.Collect$$libinit$$00000011)
    __rt_lib_init_lc_ctype_1                 0x08000173   Thumb Code     0  libinit2.o(.ARM.Collect$$libinit$$00000013)
    __rt_lib_init_lc_monetary_1              0x08000173   Thumb Code     0  libinit2.o(.ARM.Collect$$libinit$$00000015)
    __rt_lib_init_lc_numeric_1               0x08000173   Thumb Code     0  libinit2.o(.ARM.Collect$$libinit$$00000017)
    __rt_lib_init_lc_time_1                  0x08000173   Thumb Code     0  libinit2.o(.ARM.Collect$$libinit$$00000019)
    __rt_lib_init_preinit_1                  0x08000173   Thumb Code     0  libinit2.o(.ARM.Collect$$libinit$$00000004)
    __rt_lib_init_rand_1                     0x08000173   Thumb Code     0  libinit2.o(.ARM.Collect$$libinit$$0000000E)
    __rt_lib_init_return                     0x08000173   Thumb Code     0  libinit2.o(.ARM.Collect$$libinit$$00000033)
    __rt_lib_init_signal_1                   0x08000173   Thumb Code     0  libinit2.o(.ARM.Collect$$libinit$$0000001D)
    __rt_lib_init_stdio_1                    0x08000173   Thumb Code     0  libinit2.o(.ARM.Collect$$libinit$$00000025)
    __rt_lib_init_user_alloc_1               0x08000173   Thumb Code     0  libinit2.o(.ARM.Collect$$libinit$$0000000C)
    __rt_lib_shutdown                        0x08000175   Thumb Code     0  libshutdown.o(.ARM.Collect$$libshutdown$$00000000)
    __rt_lib_shutdown_cpp_1                  0x08000177   Thumb Code     0  libshutdown2.o(.ARM.Collect$$libshutdown$$00000004)
    __rt_lib_shutdown_fini_1                 0x08000177   Thumb Code     0  libshutdown2.o(.ARM.Collect$$libshutdown$$00000002)
    __rt_lib_shutdown_fp_trap_1              0x08000177   Thumb Code     0  libshutdown2.o(.ARM.Collect$$libshutdown$$00000009)
    __rt_lib_shutdown_heap_1                 0x08000177   Thumb Code     0  libshutdown2.o(.ARM.Collect$$libshutdown$$00000011)
    __rt_lib_shutdown_return                 0x08000177   Thumb Code     0  libshutdown2.o(.ARM.Collect$$libshutdown$$00000012)
    __rt_lib_shutdown_signal_1               0x08000177   Thumb Code     0  libshutdown2.o(.ARM.Collect$$libshutdown$$0000000C)
    __rt_lib_shutdown_stdio_1                0x08000177   Thumb Code     0  libshutdown2.o(.ARM.Collect$$libshutdown$$00000006)
    __rt_lib_shutdown_user_alloc_1           0x08000177   Thumb Code     0  libshutdown2.o(.ARM.Collect$$libshutdown$$0000000E)
    __rt_entry                               0x08000179   Thumb Code     0  __rtentry.o(.ARM.Collect$$rtentry$$00000000)
    __rt_entry_presh_1                       0x08000179   Thumb Code     0  __rtentry2.o(.ARM.Collect$$rtentry$$00000002)
    __rt_entry_sh                            0x08000179   Thumb Code     0  __rtentry4.o(.ARM.Collect$$rtentry$$00000004)
    __rt_entry_li                            0x0800017f   Thumb Code     0  __rtentry2.o(.ARM.Collect$$rtentry$$0000000A)
    __rt_entry_postsh_1                      0x0800017f   Thumb Code     0  __rtentry2.o(.ARM.Collect$$rtentry$$00000009)
    __rt_entry_main                          0x08000183   Thumb Code     0  __rtentry2.o(.ARM.Collect$$rtentry$$0000000D)
    __rt_entry_postli_1                      0x08000183   Thumb Code     0  __rtentry2.o(.ARM.Collect$$rtentry$$0000000C)
    __rt_exit                                0x0800018b   Thumb Code     0  rtexit.o(.ARM.Collect$$rtexit$$00000000)
    __rt_exit_ls                             0x0800018d   Thumb Code     0  rtexit2.o(.ARM.Collect$$rtexit$$00000003)
    __rt_exit_prels_1                        0x0800018d   Thumb Code     0  rtexit2.o(.ARM.Collect$$rtexit$$00000002)
    __rt_exit_exit                           0x08000191   Thumb Code     0  rtexit2.o(.ARM.Collect$$rtexit$$00000004)
    Reset_Handler                            0x08000199   Thumb Code     8  startup_stm32f103xb.o(.text)
    ADC1_2_IRQHandler                        0x080001b3   Thumb Code     0  startup_stm32f103xb.o(.text)
    CAN1_RX1_IRQHandler                      0x080001b3   Thumb Code     0  startup_stm32f103xb.o(.text)
    CAN1_SCE_IRQHandler                      0x080001b3   Thumb Code     0  startup_stm32f103xb.o(.text)
    DMA1_Channel1_IRQHandler                 0x080001b3   Thumb Code     0  startup_stm32f103xb.o(.text)
    DMA1_Channel2_IRQHandler                 0x080001b3   Thumb Code     0  startup_stm32f103xb.o(.text)
    DMA1_Channel3_IRQHandler                 0x080001b3   Thumb Code     0  startup_stm32f103xb.o(.text)
    DMA1_Channel4_IRQHandler                 0x080001b3   Thumb Code     0  startup_stm32f103xb.o(.text)
    DMA1_Channel5_IRQHandler                 0x080001b3   Thumb Code     0  startup_stm32f103xb.o(.text)
    DMA1_Channel6_IRQHandler                 0x080001b3   Thumb Code     0  startup_stm32f103xb.o(.text)
    DMA1_Channel7_IRQHandler                 0x080001b3   Thumb Code     0  startup_stm32f103xb.o(.text)
    EXTI0_IRQHandler                         0x080001b3   Thumb Code     0  startup_stm32f103xb.o(.text)
    EXTI15_10_IRQHandler                     0x080001b3   Thumb Code     0  startup_stm32f103xb.o(.text)
    EXTI1_IRQHandler                         0x080001b3   Thumb Code     0  startup_stm32f103xb.o(.text)
    EXTI2_IRQHandler                         0x080001b3   Thumb Code     0  startup_stm32f103xb.o(.text)
    EXTI3_IRQHandler                         0x080001b3   Thumb Code     0  startup_stm32f103xb.o(.text)
    EXTI4_IRQHandler                         0x080001b3   Thumb Code     0  startup_stm32f103xb.o(.text)
    EXTI9_5_IRQHandler                       0x080001b3   Thumb Code     0  startup_stm32f103xb.o(.text)
    FLASH_IRQHandler                         0x080001b3   Thumb Code     0  startup_stm32f103xb.o(.text)
    I2C1_ER_IRQHandler                       0x080001b3   Thumb Code     0  startup_stm32f103xb.o(.text)
    I2C1_EV_IRQHandler                       0x080001b3   Thumb Code     0  startup_stm32f103xb.o(.text)
    I2C2_ER_IRQHandler                       0x080001b3   Thumb Code     0  startup_stm32f103xb.o(.text)
    I2C2_EV_IRQHandler                       0x080001b3   Thumb Code     0  startup_stm32f103xb.o(.text)
    PVD_IRQHandler                           0x080001b3   Thumb Code     0  startup_stm32f103xb.o(.text)
    RCC_IRQHandler                           0x080001b3   Thumb Code     0  startup_stm32f103xb.o(.text)
    RTC_Alarm_IRQHandler                     0x080001b3   Thumb Code     0  startup_stm32f103xb.o(.text)
    RTC_IRQHandler                           0x080001b3   Thumb Code     0  startup_stm32f103xb.o(.text)
    SPI1_IRQHandler                          0x080001b3   Thumb Code     0  startup_stm32f103xb.o(.text)
    SPI2_IRQHandler                          0x080001b3   Thumb Code     0  startup_stm32f103xb.o(.text)
    TAMPER_IRQHandler                        0x080001b3   Thumb Code     0  startup_stm32f103xb.o(.text)
    TIM1_BRK_IRQHandler                      0x080001b3   Thumb Code     0  startup_stm32f103xb.o(.text)
    TIM1_CC_IRQHandler                       0x080001b3   Thumb Code     0  startup_stm32f103xb.o(.text)
    TIM1_TRG_COM_IRQHandler                  0x080001b3   Thumb Code     0  startup_stm32f103xb.o(.text)
    TIM1_UP_IRQHandler                       0x080001b3   Thumb Code     0  startup_stm32f103xb.o(.text)
    TIM2_IRQHandler                          0x080001b3   Thumb Code     0  startup_stm32f103xb.o(.text)
    TIM3_IRQHandler                          0x080001b3   Thumb Code     0  startup_stm32f103xb.o(.text)
    TIM4_IRQHandler                          0x080001b3   Thumb Code     0  startup_stm32f103xb.o(.text)
    USART1_IRQHandler                        0x080001b3   Thumb Code     0  startup_stm32f103xb.o(.text)
    USART2_IRQHandler                        0x080001b3   Thumb Code     0  startup_stm32f103xb.o(.text)
    USART3_IRQHandler                        0x080001b3   Thumb Code     0  startup_stm32f103xb.o(.text)
    USBWakeUp_IRQHandler                     0x080001b3   Thumb Code     0  startup_stm32f103xb.o(.text)
    USB_HP_CAN1_TX_IRQHandler                0x080001b3   Thumb Code     0  startup_stm32f103xb.o(.text)
    USB_LP_CAN1_RX0_IRQHandler               0x080001b3   Thumb Code     0  startup_stm32f103xb.o(.text)
    WWDG_IRQHandler                          0x080001b3   Thumb Code     0  startup_stm32f103xb.o(.text)
    __user_initial_stackheap                 0x080001b5   Thumb Code     0  startup_stm32f103xb.o(.text)
    __2snprintf                              0x080001d9   Thumb Code    50  __2snprintf.o(.text)
    _printf_pre_padding                      0x08000211   Thumb Code    44  _printf_pad.o(.text)
    _printf_post_padding                     0x0800023d   Thumb Code    34  _printf_pad.o(.text)
    _printf_str                              0x0800025f   Thumb Code    82  _printf_str.o(.text)
    _printf_int_dec                          0x080002b1   Thumb Code   104  _printf_dec.o(.text)
    __printf                                 0x08000329   Thumb Code   388  __printf_flags_ss_wp.o(.text)
    __aeabi_memcpy                           0x080004b1   Thumb Code     0  rt_memcpy_v6.o(.text)
    __rt_memcpy                              0x080004b1   Thumb Code   138  rt_memcpy_v6.o(.text)
    _memcpy_lastbytes                        0x08000517   Thumb Code     0  rt_memcpy_v6.o(.text)
    __aeabi_memclr                           0x0800053b   Thumb Code     0  rt_memclr.o(.text)
    __rt_memclr                              0x0800053b   Thumb Code    68  rt_memclr.o(.text)
    _memset                                  0x0800053f   Thumb Code     0  rt_memclr.o(.text)
    __aeabi_memclr4                          0x0800057f   Thumb Code     0  rt_memclr_w.o(.text)
    __aeabi_memclr8                          0x0800057f   Thumb Code     0  rt_memclr_w.o(.text)
    __rt_memclr_w                            0x0800057f   Thumb Code    78  rt_memclr_w.o(.text)
    _memset_w                                0x08000583   Thumb Code     0  rt_memclr_w.o(.text)
    __use_two_region_memory                  0x080005cd   Thumb Code     2  heapauxi.o(.text)
    __rt_heap_escrow$2region                 0x080005cf   Thumb Code     2  heapauxi.o(.text)
    __rt_heap_expand$2region                 0x080005d1   Thumb Code     2  heapauxi.o(.text)
    _printf_int_common                       0x080005d3   Thumb Code   178  _printf_intcommon.o(.text)
    _printf_char_common                      0x0800068f   Thumb Code    32  _printf_char_common.o(.text)
    _sputc                                   0x080006b5   Thumb Code    10  _sputc.o(.text)
    _snputc                                  0x080006bf   Thumb Code    16  _snputc.o(.text)
    _printf_cs_common                        0x080006cf   Thumb Code    20  _printf_char.o(.text)
    _printf_char                             0x080006e3   Thumb Code    16  _printf_char.o(.text)
    _printf_string                           0x080006f3   Thumb Code     8  _printf_char.o(.text)
    __aeabi_memcpy4                          0x080006fb   Thumb Code     0  rt_memcpy_w.o(.text)
    __aeabi_memcpy8                          0x080006fb   Thumb Code     0  rt_memcpy_w.o(.text)
    __rt_memcpy_w                            0x080006fb   Thumb Code   100  rt_memcpy_w.o(.text)
    _memcpy_lastbytes_aligned                0x08000743   Thumb Code     0  rt_memcpy_w.o(.text)
    __user_setup_stackheap                   0x0800075f   Thumb Code    74  sys_stackheap_outer.o(.text)
    exit                                     0x080007a9   Thumb Code    18  exit.o(.text)
    __user_libspace                          0x080007bd   Thumb Code     8  libspace.o(.text)
    __user_perproc_libspace                  0x080007bd   Thumb Code     0  libspace.o(.text)
    __user_perthread_libspace                0x080007bd   Thumb Code     0  libspace.o(.text)
    _sys_exit                                0x080007c5   Thumb Code     8  sys_exit.o(.text)
    __I$use$semihosting                      0x080007d1   Thumb Code     0  use_no_semi.o(.text)
    __use_no_semihosting_swi                 0x080007d1   Thumb Code     2  use_no_semi.o(.text)
    __semihosting_library_function           0x080007d3   Thumb Code     0  indicate_semi.o(.text)
    App_Init                                 0x08000859   Thumb Code   122  app.o(i.App_Init)
    App_Run                                  0x08000ad1   Thumb Code   244  app.o(i.App_Run)
    BusFault_Handler                         0x08000bd5   Thumb Code     2  stm32f1xx_it.o(i.BusFault_Handler)
    Button_GetShortPressEvent                0x08000bd9   Thumb Code    10  button.o(i.Button_GetShortPressEvent)
    Button_Init                              0x08000be9   Thumb Code    26  button.o(i.Button_Init)
    Button_Update                            0x08000c21   Thumb Code    58  button.o(i.Button_Update)
    DHT_Init                                 0x08000c61   Thumb Code    20  dht.o(i.DHT_Init)
    DHT_Read                                 0x08000c79   Thumb Code   330  dht.o(i.DHT_Read)
    DebugMon_Handler                         0x08000e39   Thumb Code     2  stm32f1xx_it.o(i.DebugMon_Handler)
    Error_Handler                            0x08000e3b   Thumb Code     4  main.o(i.Error_Handler)
    HAL_Delay                                0x08000e41   Thumb Code    32  stm32f1xx_hal.o(i.HAL_Delay)
    HAL_GPIO_Init                            0x08000e65   Thumb Code   446  stm32f1xx_hal_gpio.o(i.HAL_GPIO_Init)
    HAL_GPIO_ReadPin                         0x08001045   Thumb Code    10  stm32f1xx_hal_gpio.o(i.HAL_GPIO_ReadPin)
    HAL_GPIO_TogglePin                       0x0800104f   Thumb Code    16  stm32f1xx_hal_gpio.o(i.HAL_GPIO_TogglePin)
    HAL_GPIO_WritePin                        0x0800105f   Thumb Code    10  stm32f1xx_hal_gpio.o(i.HAL_GPIO_WritePin)
    HAL_GetTick                              0x08001069   Thumb Code     6  stm32f1xx_hal.o(i.HAL_GetTick)
    HAL_I2C_Init                             0x08001075   Thumb Code   376  stm32f1xx_hal_i2c.o(i.HAL_I2C_Init)
    HAL_I2C_Master_Transmit                  0x080011fd   Thumb Code   290  stm32f1xx_hal_i2c.o(i.HAL_I2C_Master_Transmit)
    HAL_I2C_MspInit                          0x08001329   Thumb Code    80  i2c.o(i.HAL_I2C_MspInit)
    HAL_IncTick                              0x08001385   Thumb Code    12  stm32f1xx_hal.o(i.HAL_IncTick)
    HAL_Init                                 0x08001395   Thumb Code    32  stm32f1xx_hal.o(i.HAL_Init)
    HAL_InitTick                             0x080013b9   Thumb Code    54  stm32f1xx_hal.o(i.HAL_InitTick)
    HAL_MspInit                              0x080013f9   Thumb Code    52  stm32f1xx_hal_msp.o(i.HAL_MspInit)
    HAL_NVIC_SetPriority                     0x08001435   Thumb Code    60  stm32f1xx_hal_cortex.o(i.HAL_NVIC_SetPriority)
    HAL_NVIC_SetPriorityGrouping             0x08001475   Thumb Code    26  stm32f1xx_hal_cortex.o(i.HAL_NVIC_SetPriorityGrouping)
    HAL_RCC_ClockConfig                      0x08001499   Thumb Code   280  stm32f1xx_hal_rcc.o(i.HAL_RCC_ClockConfig)
    HAL_RCC_GetPCLK1Freq                     0x080015c5   Thumb Code    20  stm32f1xx_hal_rcc.o(i.HAL_RCC_GetPCLK1Freq)
    HAL_RCC_GetPCLK2Freq                     0x080015e5   Thumb Code    20  stm32f1xx_hal_rcc.o(i.HAL_RCC_GetPCLK2Freq)
    HAL_RCC_GetSysClockFreq                  0x08001605   Thumb Code    58  stm32f1xx_hal_rcc.o(i.HAL_RCC_GetSysClockFreq)
    HAL_RCC_OscConfig                        0x08001651   Thumb Code   778  stm32f1xx_hal_rcc.o(i.HAL_RCC_OscConfig)
    HAL_SYSTICK_Config                       0x08001971   Thumb Code    40  stm32f1xx_hal_cortex.o(i.HAL_SYSTICK_Config)
    HAL_TIMEx_MasterConfigSynchronization    0x08001999   Thumb Code    92  stm32f1xx_hal_tim_ex.o(i.HAL_TIMEx_MasterConfigSynchronization)
    HAL_TIM_Base_Init                        0x08001a01   Thumb Code    90  stm32f1xx_hal_tim.o(i.HAL_TIM_Base_Init)
    HAL_TIM_Base_MspInit                     0x08001a5d   Thumb Code    30  tim.o(i.HAL_TIM_Base_MspInit)
    HAL_TIM_Base_Start                       0x08001a81   Thumb Code    66  stm32f1xx_hal_tim.o(i.HAL_TIM_Base_Start)
    HAL_TIM_ConfigClockSource                0x08001ad1   Thumb Code   220  stm32f1xx_hal_tim.o(i.HAL_TIM_ConfigClockSource)
    HAL_UART_Init                            0x08001bad   Thumb Code   100  stm32f1xx_hal_uart.o(i.HAL_UART_Init)
    HAL_UART_MspInit                         0x08001c11   Thumb Code   100  usart.o(i.HAL_UART_MspInit)
    HAL_UART_Transmit                        0x08001c81   Thumb Code   160  stm32f1xx_hal_uart.o(i.HAL_UART_Transmit)
    HardFault_Handler                        0x08001d21   Thumb Code     2  stm32f1xx_it.o(i.HardFault_Handler)
    LED_Init                                 0x08001fe7   Thumb Code     4  led.o(i.LED_Init)
    LED_Off                                  0x08001fed   Thumb Code    10  led.o(i.LED_Off)
    LED_On                                   0x08001ffd   Thumb Code    12  led.o(i.LED_On)
    LED_Toggle                               0x0800200d   Thumb Code    10  led.o(i.LED_Toggle)
    MX_GPIO_Init                             0x0800201d   Thumb Code   172  gpio.o(i.MX_GPIO_Init)
    MX_I2C1_Init                             0x080020d9   Thumb Code    50  i2c.o(i.MX_I2C1_Init)
    MX_TIM2_Init                             0x08002119   Thumb Code    94  tim.o(i.MX_TIM2_Init)
    MX_USART1_UART_Init                      0x0800217d   Thumb Code    48  usart.o(i.MX_USART1_UART_Init)
    MemManage_Handler                        0x080021b5   Thumb Code     2  stm32f1xx_it.o(i.MemManage_Handler)
    MovingAvg_Get                            0x080021b7   Thumb Code    30  filter.o(i.MovingAvg_Get)
    MovingAvg_Init                           0x080021d5   Thumb Code    30  filter.o(i.MovingAvg_Init)
    MovingAvg_Update                         0x080021f3   Thumb Code    96  filter.o(i.MovingAvg_Update)
    NMI_Handler                              0x08002253   Thumb Code     2  stm32f1xx_it.o(i.NMI_Handler)
    OLED_Clear                               0x08002255   Thumb Code    10  oled.o(i.OLED_Clear)
    OLED_Font_GetColumn                      0x08002265   Thumb Code    60  oled_font.o(i.OLED_Font_GetColumn)
    OLED_Init                                0x080022a5   Thumb Code    50  oled.o(i.OLED_Init)
    OLED_ShowString                          0x080022e1   Thumb Code    94  oled.o(i.OLED_ShowString)
    OLED_Update                              0x08002345   Thumb Code   154  oled.o(i.OLED_Update)
    PendSV_Handler                           0x08002411   Thumb Code     2  stm32f1xx_it.o(i.PendSV_Handler)
    SVC_Handler                              0x08002413   Thumb Code     2  stm32f1xx_it.o(i.SVC_Handler)
    SysTick_Handler                          0x08002415   Thumb Code     4  stm32f1xx_it.o(i.SysTick_Handler)
    SystemClock_Config                       0x08002419   Thumb Code    94  main.o(i.SystemClock_Config)
    SystemInit                               0x08002477   Thumb Code     2  system_stm32f1xx.o(i.SystemInit)
    TIM_Base_SetConfig                       0x08002479   Thumb Code   108  stm32f1xx_hal_tim.o(i.TIM_Base_SetConfig)
    TIM_ETR_SetConfig                        0x080024f1   Thumb Code    20  stm32f1xx_hal_tim.o(i.TIM_ETR_SetConfig)
    UART_SendEnvJson                         0x0800262d   Thumb Code    88  uart_json.o(i.UART_SendEnvJson)
    UsageFault_Handler                       0x080027df   Thumb Code     2  stm32f1xx_it.o(i.UsageFault_Handler)
    _is_digit                                0x08002801   Thumb Code    14  __printf_wp.o(i._is_digit)
    main                                     0x0800280f   Thumb Code    34  main.o(i.main)
    __aeabi_fadd                             0x08002831   Thumb Code     0  faddsub_clz.o(x$fpl$fadd)
    _fadd                                    0x08002831   Thumb Code   196  faddsub_clz.o(x$fpl$fadd)
    __aeabi_fdiv                             0x080028f5   Thumb Code     0  fdiv.o(x$fpl$fdiv)
    _fdiv                                    0x080028f5   Thumb Code   384  fdiv.o(x$fpl$fdiv)
    __aeabi_f2iz                             0x08002a79   Thumb Code     0  ffix.o(x$fpl$ffix)
    _ffix                                    0x08002a79   Thumb Code    54  ffix.o(x$fpl$ffix)
    __aeabi_ui2f                             0x08002ab1   Thumb Code     0  fflt_clz.o(x$fpl$ffltu)
    _ffltu                                   0x08002ab1   Thumb Code    38  fflt_clz.o(x$fpl$ffltu)
    __aeabi_fmul                             0x08002ad9   Thumb Code     0  fmul.o(x$fpl$fmul)
    _fmul                                    0x08002ad9   Thumb Code   258  fmul.o(x$fpl$fmul)
    __fpl_fnaninf                            0x08002bdb   Thumb Code   140  fnaninf.o(x$fpl$fnaninf)
    __fpl_fretinf                            0x08002c67   Thumb Code    10  fretinf.o(x$fpl$fretinf)
    __aeabi_fsub                             0x08002c71   Thumb Code     0  faddsub_clz.o(x$fpl$fsub)
    _fsub                                    0x08002c71   Thumb Code   234  faddsub_clz.o(x$fpl$fsub)
    __I$use$fp                               0x08002d5a   Number         0  usenofp.o(x$fpl$usenofp)
    AHBPrescTable                            0x08002e9c   Data          16  system_stm32f1xx.o(.constdata)
    APBPrescTable                            0x08002eac   Data           8  system_stm32f1xx.o(.constdata)
    Region$$Table$$Base                      0x08002ec8   Number         0  anon$$obj.o(Region$$Table)
    Region$$Table$$Limit                     0x08002ee8   Number         0  anon$$obj.o(Region$$Table)
    uwTickFreq                               0x20000034   Data           1  stm32f1xx_hal.o(.data)
    uwTickPrio                               0x20000038   Data           4  stm32f1xx_hal.o(.data)
    uwTick                                   0x2000003c   Data           4  stm32f1xx_hal.o(.data)
    SystemCoreClock                          0x20000040   Data           4  system_stm32f1xx.o(.data)
    hi2c1                                    0x20000044   Data          84  i2c.o(.bss)
    htim2                                    0x20000098   Data          72  tim.o(.bss)
    huart1                                   0x200000e0   Data          72  usart.o(.bss)
    __libspace_start                         0x20000560   Data          96  libspace.o(.bss)
    __temporary_stack_top$libspace           0x200005c0   Data           0  libspace.o(.bss)



==============================================================================

Memory Map of the image

  Image Entry point : 0x080000ed

  Load Region LR_IROM1 (Base: 0x08000000, Size: 0x00002f2c, Max: 0x00010000, ABSOLUTE)

    Execution Region ER_IROM1 (Exec base: 0x08000000, Load base: 0x08000000, Size: 0x00002ee8, Max: 0x00010000, ABSOLUTE)

    Exec Addr    Load Addr    Size         Type   Attr      Idx    E Section Name        Object

    0x08000000   0x08000000   0x000000ec   Data   RO            3    RESET               startup_stm32f103xb.o
    0x080000ec   0x080000ec   0x00000008   Code   RO         3599  * !!!main             c_w.l(__main.o)
    0x080000f4   0x080000f4   0x00000034   Code   RO         3800    !!!scatter          c_w.l(__scatter.o)
    0x08000128   0x08000128   0x0000001a   Code   RO         3802    !!handler_copy      c_w.l(__scatter_copy.o)
    0x08000142   0x08000142   0x00000002   PAD
    0x08000144   0x08000144   0x0000001c   Code   RO         3804    !!handler_zi        c_w.l(__scatter_zi.o)
    0x08000160   0x08000160   0x00000000   Code   RO         3590    .ARM.Collect$$_printf_percent$$00000000  c_w.l(_printf_percent.o)
    0x08000160   0x08000160   0x00000006   Code   RO         3589    .ARM.Collect$$_printf_percent$$0000000A  c_w.l(_printf_u.o)
    0x08000166   0x08000166   0x00000006   Code   RO         3588    .ARM.Collect$$_printf_percent$$00000014  c_w.l(_printf_s.o)
    0x0800016c   0x0800016c   0x00000004   Code   RO         3634    .ARM.Collect$$_printf_percent$$00000017  c_w.l(_printf_percent_end.o)
    0x08000170   0x08000170   0x00000002   Code   RO         3668    .ARM.Collect$$libinit$$00000000  c_w.l(libinit.o)
    0x08000172   0x08000172   0x00000000   Code   RO         3675    .ARM.Collect$$libinit$$00000002  c_w.l(libinit2.o)
    0x08000172   0x08000172   0x00000000   Code   RO         3677    .ARM.Collect$$libinit$$00000004  c_w.l(libinit2.o)
    0x08000172   0x08000172   0x00000000   Code   RO         3680    .ARM.Collect$$libinit$$0000000A  c_w.l(libinit2.o)
    0x08000172   0x08000172   0x00000000   Code   RO         3682    .ARM.Collect$$libinit$$0000000C  c_w.l(libinit2.o)
    0x08000172   0x08000172   0x00000000   Code   RO         3684    .ARM.Collect$$libinit$$0000000E  c_w.l(libinit2.o)
    0x08000172   0x08000172   0x00000000   Code   RO         3687    .ARM.Collect$$libinit$$00000011  c_w.l(libinit2.o)
    0x08000172   0x08000172   0x00000000   Code   RO         3689    .ARM.Collect$$libinit$$00000013  c_w.l(libinit2.o)
    0x08000172   0x08000172   0x00000000   Code   RO         3691    .ARM.Collect$$libinit$$00000015  c_w.l(libinit2.o)
    0x08000172   0x08000172   0x00000000   Code   RO         3693    .ARM.Collect$$libinit$$00000017  c_w.l(libinit2.o)
    0x08000172   0x08000172   0x00000000   Code   RO         3695    .ARM.Collect$$libinit$$00000019  c_w.l(libinit2.o)
    0x08000172   0x08000172   0x00000000   Code   RO         3697    .ARM.Collect$$libinit$$0000001B  c_w.l(libinit2.o)
    0x08000172   0x08000172   0x00000000   Code   RO         3699    .ARM.Collect$$libinit$$0000001D  c_w.l(libinit2.o)
    0x08000172   0x08000172   0x00000000   Code   RO         3701    .ARM.Collect$$libinit$$0000001F  c_w.l(libinit2.o)
    0x08000172   0x08000172   0x00000000   Code   RO         3703    .ARM.Collect$$libinit$$00000021  c_w.l(libinit2.o)
    0x08000172   0x08000172   0x00000000   Code   RO         3705    .ARM.Collect$$libinit$$00000023  c_w.l(libinit2.o)
    0x08000172   0x08000172   0x00000000   Code   RO         3707    .ARM.Collect$$libinit$$00000025  c_w.l(libinit2.o)
    0x08000172   0x08000172   0x00000000   Code   RO         3711    .ARM.Collect$$libinit$$0000002C  c_w.l(libinit2.o)
    0x08000172   0x08000172   0x00000000   Code   RO         3713    .ARM.Collect$$libinit$$0000002E  c_w.l(libinit2.o)
    0x08000172   0x08000172   0x00000000   Code   RO         3715    .ARM.Collect$$libinit$$00000030  c_w.l(libinit2.o)
    0x08000172   0x08000172   0x00000000   Code   RO         3717    .ARM.Collect$$libinit$$00000032  c_w.l(libinit2.o)
    0x08000172   0x08000172   0x00000002   Code   RO         3718    .ARM.Collect$$libinit$$00000033  c_w.l(libinit2.o)
    0x08000174   0x08000174   0x00000002   Code   RO         3738    .ARM.Collect$$libshutdown$$00000000  c_w.l(libshutdown.o)
    0x08000176   0x08000176   0x00000000   Code   RO         3751    .ARM.Collect$$libshutdown$$00000002  c_w.l(libshutdown2.o)
    0x08000176   0x08000176   0x00000000   Code   RO         3753    .ARM.Collect$$libshutdown$$00000004  c_w.l(libshutdown2.o)
    0x08000176   0x08000176   0x00000000   Code   RO         3755    .ARM.Collect$$libshutdown$$00000006  c_w.l(libshutdown2.o)
    0x08000176   0x08000176   0x00000000   Code   RO         3758    .ARM.Collect$$libshutdown$$00000009  c_w.l(libshutdown2.o)
    0x08000176   0x08000176   0x00000000   Code   RO         3761    .ARM.Collect$$libshutdown$$0000000C  c_w.l(libshutdown2.o)
    0x08000176   0x08000176   0x00000000   Code   RO         3763    .ARM.Collect$$libshutdown$$0000000E  c_w.l(libshutdown2.o)
    0x08000176   0x08000176   0x00000000   Code   RO         3766    .ARM.Collect$$libshutdown$$00000011  c_w.l(libshutdown2.o)
    0x08000176   0x08000176   0x00000002   Code   RO         3767    .ARM.Collect$$libshutdown$$00000012  c_w.l(libshutdown2.o)
    0x08000178   0x08000178   0x00000000   Code   RO         3623    .ARM.Collect$$rtentry$$00000000  c_w.l(__rtentry.o)
    0x08000178   0x08000178   0x00000000   Code   RO         3643    .ARM.Collect$$rtentry$$00000002  c_w.l(__rtentry2.o)
    0x08000178   0x08000178   0x00000006   Code   RO         3655    .ARM.Collect$$rtentry$$00000004  c_w.l(__rtentry4.o)
    0x0800017e   0x0800017e   0x00000000   Code   RO         3645    .ARM.Collect$$rtentry$$00000009  c_w.l(__rtentry2.o)
    0x0800017e   0x0800017e   0x00000004   Code   RO         3646    .ARM.Collect$$rtentry$$0000000A  c_w.l(__rtentry2.o)
    0x08000182   0x08000182   0x00000000   Code   RO         3648    .ARM.Collect$$rtentry$$0000000C  c_w.l(__rtentry2.o)
    0x08000182   0x08000182   0x00000008   Code   RO         3649    .ARM.Collect$$rtentry$$0000000D  c_w.l(__rtentry2.o)
    0x0800018a   0x0800018a   0x00000002   Code   RO         3672    .ARM.Collect$$rtexit$$00000000  c_w.l(rtexit.o)
    0x0800018c   0x0800018c   0x00000000   Code   RO         3720    .ARM.Collect$$rtexit$$00000002  c_w.l(rtexit2.o)
    0x0800018c   0x0800018c   0x00000004   Code   RO         3721    .ARM.Collect$$rtexit$$00000003  c_w.l(rtexit2.o)
    0x08000190   0x08000190   0x00000006   Code   RO         3722    .ARM.Collect$$rtexit$$00000004  c_w.l(rtexit2.o)
    0x08000196   0x08000196   0x00000002   PAD
    0x08000198   0x08000198   0x00000040   Code   RO            4    .text               startup_stm32f103xb.o
    0x080001d8   0x080001d8   0x00000038   Code   RO         3556    .text               c_w.l(__2snprintf.o)
    0x08000210   0x08000210   0x0000004e   Code   RO         3562    .text               c_w.l(_printf_pad.o)
    0x0800025e   0x0800025e   0x00000052   Code   RO         3564    .text               c_w.l(_printf_str.o)
    0x080002b0   0x080002b0   0x00000078   Code   RO         3566    .text               c_w.l(_printf_dec.o)
    0x08000328   0x08000328   0x00000188   Code   RO         3585    .text               c_w.l(__printf_flags_ss_wp.o)
    0x080004b0   0x080004b0   0x0000008a   Code   RO         3591    .text               c_w.l(rt_memcpy_v6.o)
    0x0800053a   0x0800053a   0x00000044   Code   RO         3593    .text               c_w.l(rt_memclr.o)
    0x0800057e   0x0800057e   0x0000004e   Code   RO         3595    .text               c_w.l(rt_memclr_w.o)
    0x080005cc   0x080005cc   0x00000006   Code   RO         3597    .text               c_w.l(heapauxi.o)
    0x080005d2   0x080005d2   0x000000b2   Code   RO         3624    .text               c_w.l(_printf_intcommon.o)
    0x08000684   0x08000684   0x00000030   Code   RO         3626    .text               c_w.l(_printf_char_common.o)
    0x080006b4   0x080006b4   0x0000000a   Code   RO         3628    .text               c_w.l(_sputc.o)
    0x080006be   0x080006be   0x00000010   Code   RO         3630    .text               c_w.l(_snputc.o)
    0x080006ce   0x080006ce   0x0000002c   Code   RO         3632    .text               c_w.l(_printf_char.o)
    0x080006fa   0x080006fa   0x00000064   Code   RO         3635    .text               c_w.l(rt_memcpy_w.o)
    0x0800075e   0x0800075e   0x0000004a   Code   RO         3659    .text               c_w.l(sys_stackheap_outer.o)
    0x080007a8   0x080007a8   0x00000012   Code   RO         3661    .text               c_w.l(exit.o)
    0x080007ba   0x080007ba   0x00000002   PAD
    0x080007bc   0x080007bc   0x00000008   Code   RO         3669    .text               c_w.l(libspace.o)
    0x080007c4   0x080007c4   0x0000000c   Code   RO         3730    .text               c_w.l(sys_exit.o)
    0x080007d0   0x080007d0   0x00000002   Code   RO         3741    .text               c_w.l(use_no_semi.o)
    0x080007d2   0x080007d2   0x00000000   Code   RO         3743    .text               c_w.l(indicate_semi.o)
    0x080007d2   0x080007d2   0x00000002   PAD
    0x080007d4   0x080007d4   0x00000084   Code   RO          407    i.App_FormatTenth   app.o
    0x08000858   0x08000858   0x000000b8   Code   RO          408    i.App_Init          app.o
    0x08000910   0x08000910   0x00000012   Code   RO          409    i.App_IsDue         app.o
    0x08000922   0x08000922   0x00000002   PAD
    0x08000924   0x08000924   0x0000010c   Code   RO          410    i.App_RenderPage0   app.o
    0x08000a30   0x08000a30   0x000000a0   Code   RO          411    i.App_RenderPage1   app.o
    0x08000ad0   0x08000ad0   0x00000104   Code   RO          412    i.App_Run           app.o
    0x08000bd4   0x08000bd4   0x00000002   Code   RO          308    i.BusFault_Handler  stm32f1xx_it.o
    0x08000bd6   0x08000bd6   0x00000002   PAD
    0x08000bd8   0x08000bd8   0x00000010   Code   RO          593    i.Button_GetShortPressEvent  button.o
    0x08000be8   0x08000be8   0x00000020   Code   RO          594    i.Button_Init       button.o
    0x08000c08   0x08000c08   0x00000018   Code   RO          595    i.Button_ReadPressed  button.o
    0x08000c20   0x08000c20   0x00000040   Code   RO          596    i.Button_Update     button.o
    0x08000c60   0x08000c60   0x00000018   Code   RO          482    i.DHT_Init          dht.o
    0x08000c78   0x08000c78   0x00000158   Code   RO          483    i.DHT_Read          dht.o
    0x08000dd0   0x08000dd0   0x00000024   Code   RO          484    i.DHT_SetPinOutput  dht.o
    0x08000df4   0x08000df4   0x00000044   Code   RO          485    i.DHT_WaitForPin    dht.o
    0x08000e38   0x08000e38   0x00000002   Code   RO          309    i.DebugMon_Handler  stm32f1xx_it.o
    0x08000e3a   0x08000e3a   0x00000004   Code   RO           13    i.Error_Handler     main.o
    0x08000e3e   0x08000e3e   0x00000002   PAD
    0x08000e40   0x08000e40   0x00000024   Code   RO         1211    i.HAL_Delay         stm32f1xx_hal.o
    0x08000e64   0x08000e64   0x000001e0   Code   RO         1521    i.HAL_GPIO_Init     stm32f1xx_hal_gpio.o
    0x08001044   0x08001044   0x0000000a   Code   RO         1523    i.HAL_GPIO_ReadPin  stm32f1xx_hal_gpio.o
    0x0800104e   0x0800104e   0x00000010   Code   RO         1524    i.HAL_GPIO_TogglePin  stm32f1xx_hal_gpio.o
    0x0800105e   0x0800105e   0x0000000a   Code   RO         1525    i.HAL_GPIO_WritePin  stm32f1xx_hal_gpio.o
    0x08001068   0x08001068   0x0000000c   Code   RO         1215    i.HAL_GetTick       stm32f1xx_hal.o
    0x08001074   0x08001074   0x00000188   Code   RO          778    i.HAL_I2C_Init      stm32f1xx_hal_i2c.o
    0x080011fc   0x080011fc   0x0000012c   Code   RO          791    i.HAL_I2C_Master_Transmit  stm32f1xx_hal_i2c.o
    0x08001328   0x08001328   0x0000005c   Code   RO          183    i.HAL_I2C_MspInit   i2c.o
    0x08001384   0x08001384   0x00000010   Code   RO         1221    i.HAL_IncTick       stm32f1xx_hal.o
    0x08001394   0x08001394   0x00000024   Code   RO         1222    i.HAL_Init          stm32f1xx_hal.o
    0x080013b8   0x080013b8   0x00000040   Code   RO         1223    i.HAL_InitTick      stm32f1xx_hal.o
    0x080013f8   0x080013f8   0x0000003c   Code   RO          383    i.HAL_MspInit       stm32f1xx_hal_msp.o
    0x08001434   0x08001434   0x00000040   Code   RO         1687    i.HAL_NVIC_SetPriority  stm32f1xx_hal_cortex.o
    0x08001474   0x08001474   0x00000024   Code   RO         1688    i.HAL_NVIC_SetPriorityGrouping  stm32f1xx_hal_cortex.o
    0x08001498   0x08001498   0x0000012c   Code   RO         1379    i.HAL_RCC_ClockConfig  stm32f1xx_hal_rcc.o
    0x080015c4   0x080015c4   0x00000020   Code   RO         1386    i.HAL_RCC_GetPCLK1Freq  stm32f1xx_hal_rcc.o
    0x080015e4   0x080015e4   0x00000020   Code   RO         1387    i.HAL_RCC_GetPCLK2Freq  stm32f1xx_hal_rcc.o
    0x08001604   0x08001604   0x0000004c   Code   RO         1388    i.HAL_RCC_GetSysClockFreq  stm32f1xx_hal_rcc.o
    0x08001650   0x08001650   0x00000320   Code   RO         1391    i.HAL_RCC_OscConfig  stm32f1xx_hal_rcc.o
    0x08001970   0x08001970   0x00000028   Code   RO         1692    i.HAL_SYSTICK_Config  stm32f1xx_hal_cortex.o
    0x08001998   0x08001998   0x00000068   Code   RO         2906    i.HAL_TIMEx_MasterConfigSynchronization  stm32f1xx_hal_tim_ex.o
    0x08001a00   0x08001a00   0x0000005a   Code   RO         2183    i.HAL_TIM_Base_Init  stm32f1xx_hal_tim.o
    0x08001a5a   0x08001a5a   0x00000002   PAD
    0x08001a5c   0x08001a5c   0x00000024   Code   RO          225    i.HAL_TIM_Base_MspInit  tim.o
    0x08001a80   0x08001a80   0x00000050   Code   RO         2186    i.HAL_TIM_Base_Start  stm32f1xx_hal_tim.o
    0x08001ad0   0x08001ad0   0x000000dc   Code   RO         2192    i.HAL_TIM_ConfigClockSource  stm32f1xx_hal_tim.o
    0x08001bac   0x08001bac   0x00000064   Code   RO         3184    i.HAL_UART_Init     stm32f1xx_hal_uart.o
    0x08001c10   0x08001c10   0x00000070   Code   RO          267    i.HAL_UART_MspInit  usart.o
    0x08001c80   0x08001c80   0x000000a0   Code   RO         3192    i.HAL_UART_Transmit  stm32f1xx_hal_uart.o
    0x08001d20   0x08001d20   0x00000002   Code   RO          310    i.HardFault_Handler  stm32f1xx_it.o
    0x08001d22   0x08001d22   0x0000002e   Code   RO          821    i.I2C_IsAcknowledgeFailed  stm32f1xx_hal_i2c.o
    0x08001d50   0x08001d50   0x0000009c   Code   RO          825    i.I2C_MasterRequestWrite  stm32f1xx_hal_i2c.o
    0x08001dec   0x08001dec   0x00000056   Code   RO          836    i.I2C_WaitOnBTFFlagUntilTimeout  stm32f1xx_hal_i2c.o
    0x08001e42   0x08001e42   0x00000002   PAD
    0x08001e44   0x08001e44   0x00000090   Code   RO          837    i.I2C_WaitOnFlagUntilTimeout  stm32f1xx_hal_i2c.o
    0x08001ed4   0x08001ed4   0x000000bc   Code   RO          838    i.I2C_WaitOnMasterAddressFlagUntilTimeout  stm32f1xx_hal_i2c.o
    0x08001f90   0x08001f90   0x00000056   Code   RO          840    i.I2C_WaitOnTXEFlagUntilTimeout  stm32f1xx_hal_i2c.o
    0x08001fe6   0x08001fe6   0x00000004   Code   RO          636    i.LED_Init          led.o
    0x08001fea   0x08001fea   0x00000002   PAD
    0x08001fec   0x08001fec   0x00000010   Code   RO          637    i.LED_Off           led.o
    0x08001ffc   0x08001ffc   0x00000010   Code   RO          638    i.LED_On            led.o
    0x0800200c   0x0800200c   0x00000010   Code   RO          639    i.LED_Toggle        led.o
    0x0800201c   0x0800201c   0x000000bc   Code   RO          158    i.MX_GPIO_Init      gpio.o
    0x080020d8   0x080020d8   0x00000040   Code   RO          184    i.MX_I2C1_Init      i2c.o
    0x08002118   0x08002118   0x00000064   Code   RO          226    i.MX_TIM2_Init      tim.o
    0x0800217c   0x0800217c   0x00000038   Code   RO          268    i.MX_USART1_UART_Init  usart.o
    0x080021b4   0x080021b4   0x00000002   Code   RO          311    i.MemManage_Handler  stm32f1xx_it.o
    0x080021b6   0x080021b6   0x0000001e   Code   RO          675    i.MovingAvg_Get     filter.o
    0x080021d4   0x080021d4   0x0000001e   Code   RO          676    i.MovingAvg_Init    filter.o
    0x080021f2   0x080021f2   0x00000060   Code   RO          677    i.MovingAvg_Update  filter.o
    0x08002252   0x08002252   0x00000002   Code   RO          312    i.NMI_Handler       stm32f1xx_it.o
    0x08002254   0x08002254   0x00000010   Code   RO          522    i.OLED_Clear        oled.o
    0x08002264   0x08002264   0x00000040   Code   RO          576    i.OLED_Font_GetColumn  oled_font.o
    0x080022a4   0x080022a4   0x0000003c   Code   RO          523    i.OLED_Init         oled.o
    0x080022e0   0x080022e0   0x00000064   Code   RO          524    i.OLED_ShowString   oled.o
    0x08002344   0x08002344   0x000000a8   Code   RO          525    i.OLED_Update       oled.o
    0x080023ec   0x080023ec   0x00000024   Code   RO          526    i.OLED_WriteCommand  oled.o
    0x08002410   0x08002410   0x00000002   Code   RO          313    i.PendSV_Handler    stm32f1xx_it.o
    0x08002412   0x08002412   0x00000002   Code   RO          314    i.SVC_Handler       stm32f1xx_it.o
    0x08002414   0x08002414   0x00000004   Code   RO          315    i.SysTick_Handler   stm32f1xx_it.o
    0x08002418   0x08002418   0x0000005e   Code   RO           14    i.SystemClock_Config  main.o
    0x08002476   0x08002476   0x00000002   Code   RO         3518    i.SystemInit        system_stm32f1xx.o
    0x08002478   0x08002478   0x00000078   Code   RO         2276    i.TIM_Base_SetConfig  stm32f1xx_hal_tim.o
    0x080024f0   0x080024f0   0x00000014   Code   RO         2287    i.TIM_ETR_SetConfig  stm32f1xx_hal_tim.o
    0x08002504   0x08002504   0x00000010   Code   RO         2288    i.TIM_ITRx_SetConfig  stm32f1xx_hal_tim.o
    0x08002514   0x08002514   0x00000022   Code   RO         2294    i.TIM_TI1_ConfigInputStage  stm32f1xx_hal_tim.o
    0x08002536   0x08002536   0x00000024   Code   RO         2296    i.TIM_TI2_ConfigInputStage  stm32f1xx_hal_tim.o
    0x0800255a   0x0800255a   0x0000004e   Code   RO         3207    i.UART_EndRxTransfer  stm32f1xx_hal_uart.o
    0x080025a8   0x080025a8   0x00000084   Code   RO          702    i.UART_FormatTenth  uart_json.o
    0x0800262c   0x0800262c   0x00000088   Code   RO          703    i.UART_SendEnvJson  uart_json.o
    0x080026b4   0x080026b4   0x000000b8   Code   RO         3210    i.UART_SetConfig    stm32f1xx_hal_uart.o
    0x0800276c   0x0800276c   0x00000072   Code   RO         3213    i.UART_WaitOnFlagUntilTimeout  stm32f1xx_hal_uart.o
    0x080027de   0x080027de   0x00000002   Code   RO          316    i.UsageFault_Handler  stm32f1xx_it.o
    0x080027e0   0x080027e0   0x00000020   Code   RO         1694    i.__NVIC_SetPriority  stm32f1xx_hal_cortex.o
    0x08002800   0x08002800   0x0000000e   Code   RO         3578    i._is_digit         c_w.l(__printf_wp.o)
    0x0800280e   0x0800280e   0x00000022   Code   RO           15    i.main              main.o
    0x08002830   0x08002830   0x000000c4   Code   RO         3601    x$fpl$fadd          fz_ws.l(faddsub_clz.o)
    0x080028f4   0x080028f4   0x00000184   Code   RO         3608    x$fpl$fdiv          fz_ws.l(fdiv.o)
    0x08002a78   0x08002a78   0x00000036   Code   RO         3611    x$fpl$ffix          fz_ws.l(ffix.o)
    0x08002aae   0x08002aae   0x00000002   PAD
    0x08002ab0   0x08002ab0   0x00000026   Code   RO         3615    x$fpl$ffltu         fz_ws.l(fflt_clz.o)
    0x08002ad6   0x08002ad6   0x00000002   PAD
    0x08002ad8   0x08002ad8   0x00000102   Code   RO         3621    x$fpl$fmul          fz_ws.l(fmul.o)
    0x08002bda   0x08002bda   0x0000008c   Code   RO         3637    x$fpl$fnaninf       fz_ws.l(fnaninf.o)
    0x08002c66   0x08002c66   0x0000000a   Code   RO         3639    x$fpl$fretinf       fz_ws.l(fretinf.o)
    0x08002c70   0x08002c70   0x000000ea   Code   RO         3603    x$fpl$fsub          fz_ws.l(faddsub_clz.o)
    0x08002d5a   0x08002d5a   0x00000000   Code   RO         3641    x$fpl$usenofp       fz_ws.l(usenofp.o)
    0x08002d5a   0x08002d5a   0x0000001c   Data   RO          528    .constdata          oled.o
    0x08002d76   0x08002d76   0x00000114   Data   RO          577    .constdata          oled_font.o
    0x08002e8a   0x08002e8a   0x00000012   Data   RO         1392    .constdata          stm32f1xx_hal_rcc.o
    0x08002e9c   0x08002e9c   0x00000010   Data   RO         3519    .constdata          system_stm32f1xx.o
    0x08002eac   0x08002eac   0x00000008   Data   RO         3520    .constdata          system_stm32f1xx.o
    0x08002eb4   0x08002eb4   0x00000011   Data   RO         3586    .constdata          c_w.l(__printf_flags_ss_wp.o)
    0x08002ec5   0x08002ec5   0x00000003   PAD
    0x08002ec8   0x08002ec8   0x00000020   Data   RO         3798    Region$$Table       anon$$obj.o


    Execution Region RW_IRAM1 (Exec base: 0x20000000, Load base: 0x08002ee8, Size: 0x00000bc0, Max: 0x00005000, ABSOLUTE)

    Exec Addr    Load Addr    Size         Type   Attr      Idx    E Section Name        Object

    0x20000000   0x08002ee8   0x00000028   Data   RW          414    .data               app.o
    0x20000028   0x08002f10   0x00000001   Data   RW          529    .data               oled.o
    0x20000029   0x08002f11   0x00000003   PAD
    0x2000002c   0x08002f14   0x00000008   Data   RW          597    .data               button.o
    0x20000034   0x08002f1c   0x0000000c   Data   RW         1229    .data               stm32f1xx_hal.o
    0x20000040   0x08002f28   0x00000004   Data   RW         3521    .data               system_stm32f1xx.o
    0x20000044        -       0x00000054   Zero   RW          185    .bss                i2c.o
    0x20000098        -       0x00000048   Zero   RW          227    .bss                tim.o
    0x200000e0        -       0x00000048   Zero   RW          269    .bss                usart.o
    0x20000128        -       0x00000038   Zero   RW          413    .bss                app.o
    0x20000160        -       0x00000400   Zero   RW          527    .bss                oled.o
    0x20000560        -       0x00000060   Zero   RW         3670    .bss                c_w.l(libspace.o)
    0x200005c0        -       0x00000200   Zero   RW            2    HEAP                startup_stm32f103xb.o
    0x200007c0        -       0x00000400   Zero   RW            1    STACK               startup_stm32f103xb.o


==============================================================================

Image component sizes


      Code (inc. data)   RO Data    RW Data    ZI Data      Debug   Object Name

      1022        286          0         40         56       5909   app.o
       136         22          0          8          0       2774   button.o
       472         32          0          0          0       3226   dht.o
       156          0          0          0          0       2060   filter.o
       188         16          0          0          0        971   gpio.o
       156         26          0          0         84       1629   i2c.o
        52         16          0          0          0       1939   led.o
       132          0          0          0          0     435476   main.o
       380         42         28          1       1024       4241   oled.o
        64          4        276          0          0       1294   oled_font.o
        64         26        236          0       1536        812   startup_stm32f103xb.o
       164         28          0         12          0       5901   stm32f1xx_hal.o
       172         14          0          0          0      28290   stm32f1xx_hal_cortex.o
       516         34          0          0          0       4132   stm32f1xx_hal_gpio.o
      1398         32          0          0          0       9109   stm32f1xx_hal_i2c.o
        60          8          0          0          0        874   stm32f1xx_hal_msp.o
      1240         84         18          0          0       5112   stm32f1xx_hal_rcc.o
       616         26          0          0          0       6736   stm32f1xx_hal_tim.o
       104         12          0          0          0       1356   stm32f1xx_hal_tim_ex.o
       636          6          0          0          0       4632   stm32f1xx_hal_uart.o
        20          0          0          0          0       3866   stm32f1xx_it.o
         2          0         24          4          0       1119   system_stm32f1xx.o
       136         12          0          0         72       1622   tim.o
       268         78          0          0          0       1931   uart_json.o
       168         20          0          0         72       1678   usart.o

    ----------------------------------------------------------------------
      8334        824        614         68       2844     536689   Object Totals
         0          0         32          0          0          0   (incl. Generated)
        12          0          0          3          0          0   (incl. Padding)

    ----------------------------------------------------------------------

      Code (inc. data)   RO Data    RW Data    ZI Data      Debug   Library Member Name

        56          6          0          0          0         88   __2snprintf.o
         8          0          0          0          0         68   __main.o
       392          4         17          0          0         92   __printf_flags_ss_wp.o
        14          0          0          0          0         68   __printf_wp.o
         0          0          0          0          0          0   __rtentry.o
        12          0          0          0          0          0   __rtentry2.o
         6          0          0          0          0          0   __rtentry4.o
        52          8          0          0          0          0   __scatter.o
        26          0          0          0          0          0   __scatter_copy.o
        28          0          0          0          0          0   __scatter_zi.o
        44          0          0          0          0        108   _printf_char.o
        48          6          0          0          0         96   _printf_char_common.o
       120         16          0          0          0         92   _printf_dec.o
       178          0          0          0          0         88   _printf_intcommon.o
        78          0          0          0          0        108   _printf_pad.o
         0          0          0          0          0          0   _printf_percent.o
         4          0          0          0          0          0   _printf_percent_end.o
         6          0          0          0          0          0   _printf_s.o
        82          0          0          0          0         80   _printf_str.o
         6          0          0          0          0          0   _printf_u.o
        16          0          0          0          0         68   _snputc.o
        10          0          0          0          0         68   _sputc.o
        18          0          0          0          0         80   exit.o
         6          0          0          0          0        152   heapauxi.o
         0          0          0          0          0          0   indicate_semi.o
         2          0          0          0          0          0   libinit.o
         2          0          0          0          0          0   libinit2.o
         2          0          0          0          0          0   libshutdown.o
         2          0          0          0          0          0   libshutdown2.o
         8          4          0          0         96         68   libspace.o
        68          0          0          0          0         68   rt_memclr.o
        78          0          0          0          0         80   rt_memclr_w.o
       138          0          0          0          0         68   rt_memcpy_v6.o
       100          0          0          0          0         80   rt_memcpy_w.o
         2          0          0          0          0          0   rtexit.o
        10          0          0          0          0          0   rtexit2.o
        12          4          0          0          0         68   sys_exit.o
        74          0          0          0          0         80   sys_stackheap_outer.o
         2          0          0          0          0         68   use_no_semi.o
       430          8          0          0          0        168   faddsub_clz.o
       388         76          0          0          0         96   fdiv.o
        54          4          0          0          0         84   ffix.o
        38          0          0          0          0         68   fflt_clz.o
       258          4          0          0          0         84   fmul.o
       140          4          0          0          0         84   fnaninf.o
        10          0          0          0          0         68   fretinf.o
         0          0          0          0          0          0   usenofp.o

    ----------------------------------------------------------------------
      3040        144         20          0         96       2488   Library Totals
        12          0          3          0          0          0   (incl. Padding)

    ----------------------------------------------------------------------

      Code (inc. data)   RO Data    RW Data    ZI Data      Debug   Library Name

      1710         48         17          0         96       1836   c_w.l
      1318         96          0          0          0        652   fz_ws.l

    ----------------------------------------------------------------------
      3040        144         20          0         96       2488   Library Totals

    ----------------------------------------------------------------------

==============================================================================


      Code (inc. data)   RO Data    RW Data    ZI Data      Debug   

     11374        968        634         68       2940     533401   Grand Totals
     11374        968        634         68       2940     533401   ELF Image Totals
     11374        968        634         68          0          0   ROM Totals

==============================================================================

    Total RO  Size (Code + RO Data)                12008 (  11.73kB)
    Total RW  Size (RW Data + ZI Data)              3008 (   2.94kB)
    Total ROM Size (Code + RO Data + RW Data)      12076 (  11.79kB)

==============================================================================

